Archive member included to satisfy reference by file (symbol)

C:/ST/STM32CubeIDE_1.13.1/STM32CubeIDE/plugins/com.st.stm32cube.ide.mcu.externaltools.gnu-tools-for-stm32.11.3.rel1.win32_1.1.0.202305231506/tools/bin/../lib/gcc/arm-none-eabi/11.3.1/../../../../arm-none-eabi/lib/thumb/v7-m/nofp\libc_nano.a(libc_a-exit.o)
                              C:/ST/STM32CubeIDE_1.13.1/STM32CubeIDE/plugins/com.st.stm32cube.ide.mcu.externaltools.gnu-tools-for-stm32.11.3.rel1.win32_1.1.0.202305231506/tools/bin/../lib/gcc/arm-none-eabi/11.3.1/../../../../arm-none-eabi/lib/thumb/v7-m/nofp/crt0.o (exit)
C:/ST/STM32CubeIDE_1.13.1/STM32CubeIDE/plugins/com.st.stm32cube.ide.mcu.externaltools.gnu-tools-for-stm32.11.3.rel1.win32_1.1.0.202305231506/tools/bin/../lib/gcc/arm-none-eabi/11.3.1/../../../../arm-none-eabi/lib/thumb/v7-m/nofp\libc_nano.a(libc_a-malloc.o)
                              ./Core/Src/File_Handling.o (malloc)
C:/ST/STM32CubeIDE_1.13.1/STM32CubeIDE/plugins/com.st.stm32cube.ide.mcu.externaltools.gnu-tools-for-stm32.11.3.rel1.win32_1.1.0.202305231506/tools/bin/../lib/gcc/arm-none-eabi/11.3.1/../../../../arm-none-eabi/lib/thumb/v7-m/nofp\libc_nano.a(libc_a-mallocr.o)
                              C:/ST/STM32CubeIDE_1.13.1/STM32CubeIDE/plugins/com.st.stm32cube.ide.mcu.externaltools.gnu-tools-for-stm32.11.3.rel1.win32_1.1.0.202305231506/tools/bin/../lib/gcc/arm-none-eabi/11.3.1/../../../../arm-none-eabi/lib/thumb/v7-m/nofp\libc_nano.a(libc_a-malloc.o) (_malloc_r)
C:/ST/STM32CubeIDE_1.13.1/STM32CubeIDE/plugins/com.st.stm32cube.ide.mcu.externaltools.gnu-tools-for-stm32.11.3.rel1.win32_1.1.0.202305231506/tools/bin/../lib/gcc/arm-none-eabi/11.3.1/../../../../arm-none-eabi/lib/thumb/v7-m/nofp\libc_nano.a(libc_a-mlock.o)
                              C:/ST/STM32CubeIDE_1.13.1/STM32CubeIDE/plugins/com.st.stm32cube.ide.mcu.externaltools.gnu-tools-for-stm32.11.3.rel1.win32_1.1.0.202305231506/tools/bin/../lib/gcc/arm-none-eabi/11.3.1/../../../../arm-none-eabi/lib/thumb/v7-m/nofp\libc_nano.a(libc_a-mallocr.o) (__malloc_lock)
C:/ST/STM32CubeIDE_1.13.1/STM32CubeIDE/plugins/com.st.stm32cube.ide.mcu.externaltools.gnu-tools-for-stm32.11.3.rel1.win32_1.1.0.202305231506/tools/bin/../lib/gcc/arm-none-eabi/11.3.1/../../../../arm-none-eabi/lib/thumb/v7-m/nofp\libc_nano.a(libc_a-findfp.o)
                              C:/ST/STM32CubeIDE_1.13.1/STM32CubeIDE/plugins/com.st.stm32cube.ide.mcu.externaltools.gnu-tools-for-stm32.11.3.rel1.win32_1.1.0.202305231506/tools/bin/../lib/gcc/arm-none-eabi/11.3.1/../../../../arm-none-eabi/lib/thumb/v7-m/nofp\libc_nano.a(libc_a-exit.o) (__stdio_exit_handler)
C:/ST/STM32CubeIDE_1.13.1/STM32CubeIDE/plugins/com.st.stm32cube.ide.mcu.externaltools.gnu-tools-for-stm32.11.3.rel1.win32_1.1.0.202305231506/tools/bin/../lib/gcc/arm-none-eabi/11.3.1/../../../../arm-none-eabi/lib/thumb/v7-m/nofp\libc_nano.a(libc_a-fwalk.o)
                              C:/ST/STM32CubeIDE_1.13.1/STM32CubeIDE/plugins/com.st.stm32cube.ide.mcu.externaltools.gnu-tools-for-stm32.11.3.rel1.win32_1.1.0.202305231506/tools/bin/../lib/gcc/arm-none-eabi/11.3.1/../../../../arm-none-eabi/lib/thumb/v7-m/nofp\libc_nano.a(libc_a-findfp.o) (_fwalk_sglue)
C:/ST/STM32CubeIDE_1.13.1/STM32CubeIDE/plugins/com.st.stm32cube.ide.mcu.externaltools.gnu-tools-for-stm32.11.3.rel1.win32_1.1.0.202305231506/tools/bin/../lib/gcc/arm-none-eabi/11.3.1/../../../../arm-none-eabi/lib/thumb/v7-m/nofp\libc_nano.a(libc_a-sprintf.o)
                              ./Core/Src/File_Handling.o (sprintf)
C:/ST/STM32CubeIDE_1.13.1/STM32CubeIDE/plugins/com.st.stm32cube.ide.mcu.externaltools.gnu-tools-for-stm32.11.3.rel1.win32_1.1.0.202305231506/tools/bin/../lib/gcc/arm-none-eabi/11.3.1/../../../../arm-none-eabi/lib/thumb/v7-m/nofp\libc_nano.a(libc_a-stdio.o)
                              C:/ST/STM32CubeIDE_1.13.1/STM32CubeIDE/plugins/com.st.stm32cube.ide.mcu.externaltools.gnu-tools-for-stm32.11.3.rel1.win32_1.1.0.202305231506/tools/bin/../lib/gcc/arm-none-eabi/11.3.1/../../../../arm-none-eabi/lib/thumb/v7-m/nofp\libc_nano.a(libc_a-findfp.o) (__sread)
C:/ST/STM32CubeIDE_1.13.1/STM32CubeIDE/plugins/com.st.stm32cube.ide.mcu.externaltools.gnu-tools-for-stm32.11.3.rel1.win32_1.1.0.202305231506/tools/bin/../lib/gcc/arm-none-eabi/11.3.1/../../../../arm-none-eabi/lib/thumb/v7-m/nofp\libc_nano.a(libc_a-memset.o)
                              C:/ST/STM32CubeIDE_1.13.1/STM32CubeIDE/plugins/com.st.stm32cube.ide.mcu.externaltools.gnu-tools-for-stm32.11.3.rel1.win32_1.1.0.202305231506/tools/bin/../lib/gcc/arm-none-eabi/11.3.1/../../../../arm-none-eabi/lib/thumb/v7-m/nofp/crt0.o (memset)
C:/ST/STM32CubeIDE_1.13.1/STM32CubeIDE/plugins/com.st.stm32cube.ide.mcu.externaltools.gnu-tools-for-stm32.11.3.rel1.win32_1.1.0.202305231506/tools/bin/../lib/gcc/arm-none-eabi/11.3.1/../../../../arm-none-eabi/lib/thumb/v7-m/nofp\libc_nano.a(libc_a-closer.o)
[...]
Memory Configuration

Name             Origin             Length             Attributes
RAM              0x0000000020000000 0x0000000000020000 xrw
FLASH            0x0000000008000000 0x0000000000100000 xr
*default*        0x0000000000000000 0xffffffffffffffff

Linker script and memory map

LOAD C:/ST/STM32CubeIDE_1.13.1/STM32CubeIDE/plugins/com.st.stm32cube.ide.mcu.externaltools.gnu-tools-for-stm32.11.3.rel1.win32_1.1.0.202305231506/tools/bin/../lib/gcc/arm-none-eabi/11.3.1/thumb/v7-m/nofp/crti.o
LOAD C:/ST/STM32CubeIDE_1.13.1/STM32CubeIDE/plugins/com.st.stm32cube.ide.mcu.externaltools.gnu-tools-for-stm32.11.3.rel1.win32_1.1.0.202305231506/tools/bin/../lib/gcc/arm-none-eabi/11.3.1/thumb/v7-m/nofp/crtbegin.o
LOAD C:/ST/STM32CubeIDE_1.13.1/STM32CubeIDE/plugins/com.st.stm32cube.ide.mcu.externaltools.gnu-tools-for-stm32.11.3.rel1.win32_1.1.0.202305231506/tools/bin/../lib/gcc/arm-none-eabi/11.3.1/../../../../arm-none-eabi/lib/thumb/v7-m/nofp/crt0.o
LOAD ./Core/Src/File_Handling.o
LOAD ./Core/Src/main.o
LOAD ./Core/Src/stm32f2xx_hal_msp.o
LOAD ./Core/Src/stm32f2xx_it.o
LOAD ./Core/Src/syscalls.o
LOAD ./Core/Src/sysmem.o
LOAD ./Core/Src/system_stm32f2xx.o
LOAD ./Core/Startup/startup_stm32f207zgtx.o
LOAD ./Drivers/STM32F2xx_HAL_Driver/Src/stm32f2xx_hal.o
LOAD ./Drivers/STM32F2xx_HAL_Driver/Src/stm32f2xx_hal_cortex.o
LOAD ./Drivers/STM32F2xx_HAL_Driver/Src/stm32f2xx_hal_dma.o
LOAD ./Drivers/STM32F2xx_HAL_Driver/Src/stm32f2xx_hal_dma_ex.o
LOAD ./Drivers/STM32F2xx_HAL_Driver/Src/stm32f2xx_hal_exti.o
LOAD ./Drivers/STM32F2xx_HAL_Driver/Src/stm32f2xx_hal_flash.o
LOAD ./Drivers/STM32F2xx_HAL_Driver/Src/stm32f2xx_hal_flash_ex.o
LOAD ./Drivers/STM32F2xx_HAL_Driver/Src/stm32f2xx_hal_gpio.o
LOAD ./Drivers/STM32F2xx_HAL_Driver/Src/stm32f2xx_hal_hcd.o
LOAD ./Drivers/STM32F2xx_HAL_Driver/Src/stm32f2xx_hal_pwr.o
LOAD ./Drivers/STM32F2xx_HAL_Driver/Src/stm32f2xx_hal_pwr_ex.o
LOAD ./Drivers/STM32F2xx_HAL_Driver/Src/stm32f2xx_hal_rcc.o
LOAD ./Drivers/STM32F2xx_HAL_Driver/Src/stm32f2xx_hal_rcc_ex.o
LOAD ./Drivers/STM32F2xx_HAL_Driver/Src/stm32f2xx_hal_tim.o
LOAD ./Drivers/STM32F2xx_HAL_Driver/Src/stm32f2xx_hal_tim_ex.o
LOAD ./Drivers/STM32F2xx_HAL_Driver/Src/stm32f2xx_ll_usb.o
LOAD ./FATFS/App/fatfs.o
LOAD ./Middlewares/ST/STM32_USB_Host_Library/Class/MSC/Src/usbh_msc.o
LOAD ./Middlewares/ST/STM32_USB_Host_Library/Class/MSC/Src/usbh_msc_bot.o
LOAD ./Middlewares/ST/STM32_USB_Host_Library/Class/MSC/Src/usbh_msc_scsi.o
LOAD ./Middlewares/ST/STM32_USB_Host_Library/Core/Src/usbh_core.o
LOAD ./Middlewares/ST/STM32_USB_Host_Library/Core/Src/usbh_ctlreq.o
LOAD ./Middlewares/ST/STM32_USB_Host_Library/Core/Src/usbh_ioreq.o
LOAD ./Middlewares/ST/STM32_USB_Host_Library/Core/Src/usbh_pipes.o
LOAD ./Middlewares/Third_Party/FatFs/src/diskio.o
LOAD ./Middlewares/Third_Party/FatFs/src/ff.o
LOAD ./Middlewares/Third_Party/FatFs/src/ff_gen_drv.o
LOAD ./Middlewares/Third_Party/FatFs/src/drivers/usbh_diskio.o
LOAD ./Middlewares/Third_Party/FatFs/src/option/ccsbcs.o
LOAD ./Middlewares/Third_Party/FatFs/src/option/syscall.o
LOAD ./USB_HOST/App/usb_host.o
LOAD ./USB_HOST/Target/usbh_conf.o
LOAD ./USB_HOST/Target/usbh_platform.o
START GROUP
LOAD C:/ST/STM32CubeIDE_1.13.1/STM32CubeIDE/plugins/com.st.stm32cube.ide.mcu.externaltools.gnu-tools-for-stm32.11.3.rel1.win32_1.1.0.202305231506/tools/bin/../lib/gcc/arm-none-eabi/11.3.1/../../../../arm-none-eabi/lib/thumb/v7-m/nofp\libc_nano.a
LOAD C:/ST/STM32CubeIDE_1.13.1/STM32CubeIDE/plugins/com.st.stm32cube.ide.mcu.externaltools.gnu-tools-for-stm32.11.3.rel1.win32_1.1.0.202305231506/tools/bin/../lib/gcc/arm-none-eabi/11.3.1/../../../../arm-none-eabi/lib/thumb/v7-m/nofp\libm.a
END GROUP
START GROUP
LOAD C:/ST/STM32CubeIDE_1.13.1/STM32CubeIDE/plugins/com.st.stm32cube.ide.mcu.externaltools.gnu-tools-for-stm32.11.3.rel1.win32_1.1.0.202305231506/tools/bin/../lib/gcc/arm-none-eabi/11.3.1/thumb/v7-m/nofp\libgcc.a
LOAD C:/ST/STM32CubeIDE_1.13.1/STM32CubeIDE/plugins/com.st.stm32cube.ide.mcu.externaltools.gnu-tools-for-stm32.11.3.rel1.win32_1.1.0.202305231506/tools/bin/../lib/gcc/arm-none-eabi/11.3.1/../../../../arm-none-eabi/lib/thumb/v7-m/nofp\libc_nano.a
END GROUP
START GROUP
LOAD C:/ST/STM32CubeIDE_1.13.1/STM32CubeIDE/plugins/com.st.stm32cube.ide.mcu.externaltools.gnu-tools-for-stm32.11.3.rel1.win32_1.1.0.202305231506/tools/bin/../lib/gcc/arm-none-eabi/11.3.1/thumb/v7-m/nofp\libgcc.a
LOAD C:/ST/STM32CubeIDE_1.13.1/STM32CubeIDE/plugins/com.st.stm32cube.ide.mcu.externaltools.gnu-tools-for-stm32.11.3.rel1.win32_1.1.0.202305231506/tools/bin/../lib/gcc/arm-none-eabi/11.3.1/../../../../arm-none-eabi/lib/thumb/v7-m/nofp\libc_nano.a
LOAD C:/ST/STM32CubeIDE_1.13.1/STM32CubeIDE/plugins/com.st.stm32cube.ide.mcu.externaltools.gnu-tools-for-stm32.11.3.rel1.win32_1.1.0.202305231506/tools/bin/../lib/gcc/arm-none-eabi/11.3.1/../../../../arm-none-eabi/lib/thumb/v7-m/nofp\libnosys.a
END GROUP
START GROUP
LOAD C:/ST/STM32CubeIDE_1.13.1/STM32CubeIDE/plugins/com.st.stm32cube.ide.mcu.externaltools.gnu-tools-for-stm32.11.3.rel1.win32_1.1.0.202305231506/tools/bin/../lib/gcc/arm-none-eabi/11.3.1/thumb/v7-m/nofp\libgcc.a
LOAD C:/ST/STM32CubeIDE_1.13.1/STM32CubeIDE/plugins/com.st.stm32cube.ide.mcu.externaltools.gnu-tools-for-stm32.11.3.rel1.win32_1.1.0.202305231506/tools/bin/../lib/gcc/arm-none-eabi/11.3.1/../../../../arm-none-eabi/lib/thumb/v7-m/nofp\libc_nano.a
LOAD C:/ST/STM32CubeIDE_1.13.1/STM32CubeIDE/plugins/com.st.stm32cube.ide.mcu.externaltools.gnu-tools-for-stm32.11.3.rel1.win32_1.1.0.202305231506/tools/bin/../lib/gcc/arm-none-eabi/11.3.1/../../../../arm-none-eabi/lib/thumb/v7-m/nofp\libnosys.a
END GROUP
LOAD C:/ST/STM32CubeIDE_1.13.1/STM32CubeIDE/plugins/com.st.stm32cube.ide.mcu.externaltools.gnu-tools-for-stm32.11.3.rel1.win32_1.1.0.202305231506/tools/bin/../lib/gcc/arm-none-eabi/11.3.1/thumb/v7-m/nofp/crtend.o
LOAD C:/ST/STM32CubeIDE_1.13.1/STM32CubeIDE/plugins/com.st.stm32cube.ide.mcu.externaltools.gnu-tools-for-stm32.11.3.rel1.win32_1.1.0.202305231506/tools/bin/../lib/gcc/arm-none-eabi/11.3.1/thumb/v7-m/nofp/crtn.o
                0x0000000020020000                _estack = (ORIGIN (RAM) + LENGTH (RAM))
                0x0000000000000200                _Min_Heap_Size = 0x200
                0x0000000000000400                _Min_Stack_Size = 0x400

.isr_vector     0x0000000008000000      0x184
                0x0000000008000000                . = ALIGN (0x4)
 *(.isr_vector)
 .isr_vector    0x0000000008000000      0x184 ./Core/Startup/startup_stm32f207zgtx.o
                0x0000000008000000                g_pfnVectors
                0x0000000008000184                . = ALIGN (0x4)

.text           0x0000000008000184     0xdcb8
                0x0000000008000184                . = ALIGN (0x4)
 *(.text)
 .text          0x0000000008000184       0x40 C:/ST/STM32CubeIDE_1.13.1/STM32CubeIDE/plugins/com.st.stm32cube.ide.mcu.externaltools.gnu-tools-for-stm32.11.3.rel1.win32_1.1.0.202305231506/tools/bin/../lib/gcc/arm-none-eabi/11.3.1/thumb/v7-m/nofp/crtbegin.o
 .text          0x00000000080001c4       0x14 C:/ST/STM32CubeIDE_1.13.1/STM32CubeIDE/plugins/com.st.stm32cube.ide.mcu.externaltools.gnu-tools-for-stm32.11.3.rel1.win32_1.1.0.202305231506/tools/bin/../lib/gcc/arm-none-eabi/11.3.1/../../../../arm-none-eabi/lib/thumb/v7-m/nofp\libc_nano.a(libc_a-strcmp.o)
                0x00000000080001c4                strcmp
 .text          0x00000000080001d8       0x10 C:/ST/STM32CubeIDE_1.13.1/STM32CubeIDE/plugins/com.st.stm32cube.ide.mcu.externaltools.gnu-tools-for-stm32.11.3.rel1.win32_1.1.0.202305231506/tools/bin/../lib/gcc/arm-none-eabi/11.3.1/../../../../arm-none-eabi/lib/thumb/v7-m/nofp\libc_nano.a(libc_a-strlen.o)
                0x00000000080001d8                strlen
 .text          0x00000000080001e8      0x254 C:/ST/STM32CubeIDE_1.13.1/STM32CubeIDE/plugins/com.st.stm32cube.ide.mcu.externaltools.gnu-tools-for-stm32.11.3.rel1.win32_1.1.0.202305231506/tools/bin/../lib/gcc/arm-none-eabi/11.3.1/thumb/v7-m/nofp\libgcc.a(_arm_muldf3.o)
                0x00000000080001e8                __muldf3
                0x00000000080001e8                __aeabi_dmul
 .text          0x000000000800043c      0x378 C:/ST/STM32CubeIDE_1.13.1/STM32CubeIDE/plugins/com.st.stm32cube.ide.mcu.externaltools.gnu-tools-for-stm32.11.3.rel1.win32_1.1.0.202305231506/tools/bin/../lib/gcc/arm-none-eabi/11.3.1/thumb/v7-m/nofp\libgcc.a(_arm_addsubdf3.o)
                0x000000000800043c                __aeabi_drsub
                0x0000000008000444                __aeabi_dsub
                0x0000000008000444                __subdf3
                0x0000000008000448                __aeabi_dadd
                0x0000000008000448                __adddf3
                0x00000000080006c0                __floatunsidf
                0x00000000080006c0                __aeabi_ui2d
                0x00000000080006e0                __floatsidf
                0x00000000080006e0                __aeabi_i2d
                0x0000000008000704                __aeabi_f2d
                0x0000000008000704                __extendsfdf2
                0x0000000008000748                __floatundidf
                0x0000000008000748                __aeabi_ul2d
                0x0000000008000758                __floatdidf
                0x0000000008000758                __aeabi_l2d
 .text          0x00000000080007b4       0x40 C:/ST/STM32CubeIDE_1.13.1/STM32CubeIDE/plugins/com.st.stm32cube.ide.mcu.externaltools.gnu-tools-for-stm32.11.3.rel1.win32_1.1.0.202305231506/tools/bin/../lib/gcc/arm-none-eabi/11.3.1/thumb/v7-m/nofp\libgcc.a(_arm_fixunsdfsi.o)
                0x00000000080007b4                __aeabi_d2uiz
                0x00000000080007b4                __fixunsdfsi
 .text          0x00000000080007f4       0x30 C:/ST/STM32CubeIDE_1.13.1/STM32CubeIDE/plugins/com.st.stm32cube.ide.mcu.externaltools.gnu-tools-for-stm32.11.3.rel1.win32_1.1.0.202305231506/tools/bin/../lib/gcc/arm-none-eabi/11.3.1/thumb/v7-m/nofp\libgcc.a(_aeabi_uldivmod.o)
                0x00000000080007f4                __aeabi_uldivmod
 .text          0x0000000008000824      0x2cc C:/ST/STM32CubeIDE_1.13.1/STM32CubeIDE/plugins/com.st.stm32cube.ide.mcu.externaltools.gnu-tools-for-stm32.11.3.rel1.win32_1.1.0.202305231506/tools/bin/../lib/gcc/arm-none-eabi/11.3.1/thumb/v7-m/nofp\libgcc.a(_udivmoddi4.o)
                0x0000000008000824                __udivmoddi4
 .text          0x0000000008000af0        0x4 C:/ST/STM32CubeIDE_1.13.1/STM32CubeIDE/plugins/com.st.stm32cube.ide.mcu.externaltools.gnu-tools-for-stm32.11.3.rel1.win32_1.1.0.202305231506/tools/bin/../lib/gcc/arm-none-eabi/11.3.1/thumb/v7-m/nofp\libgcc.a(_dvmd_tls.o)
                0x0000000008000af0                __aeabi_idiv0
                0x0000000008000af0                __aeabi_ldiv0
 *(.text*)
 .text.Mount_USB
                0x0000000008000af4       0x28 ./Core/Src/File_Handling.o
                0x0000000008000af4                Mount_USB
 .text.Unmount_USB
                0x0000000008000b1c       0x24 ./Core/Src/File_Handling.o
                0x0000000008000b1c                Unmount_USB
 .text.Scan_USB
                0x0000000008000b40      0x1ec ./Core/Src/File_Handling.o
                0x0000000008000b40                Scan_USB
 .text.Write_File
                0x0000000008000d2c      0x164 ./Core/Src/File_Handling.o
                0x0000000008000d2c                Write_File
 .text.Create_File
                0x0000000008000e90      0x118 ./Core/Src/File_Handling.o
                0x0000000008000e90                Create_File
 .text.Update_File
                0x0000000008000fa8      0x184 ./Core/Src/File_Handling.o
                0x0000000008000fa8                Update_File
 .text.Create_Dir
                0x000000000800112c       0x74 ./Core/Src/File_Handling.o
                0x000000000800112c                Create_Dir
 .text.Check_USB_Details
                0x00000000080011a0       0xe8 ./Core/Src/File_Handling.o
                0x00000000080011a0                Check_USB_Details
 .text.main     0x0000000008001288       0x1e ./Core/Src/main.o
                0x0000000008001288                main
 .text.SystemClock_Config
                0x00000000080012a6       0x8c ./Core/Src/main.o
                0x00000000080012a6                SystemClock_Config
 *fill*         0x0000000008001332        0x2 
 .text.MX_GPIO_Init
                0x0000000008001334      0x208 ./Core/Src/main.o
 .text.Error_Handler
                0x000000000800153c        0xa ./Core/Src/main.o
                0x000000000800153c                Error_Handler
 *fill*         0x0000000008001546        0x2 
 .text.HAL_MspInit
                0x0000000008001548       0x4c ./Core/Src/stm32f2xx_hal_msp.o
                0x0000000008001548                HAL_MspInit
 .text.NMI_Handler
                0x0000000008001594        0x6 ./Core/Src/stm32f2xx_it.o
                0x0000000008001594                NMI_Handler
 .text.HardFault_Handler
                0x000000000800159a        0x6 ./Core/Src/stm32f2xx_it.o
                0x000000000800159a                HardFault_Handler
 .text.MemManage_Handler
                0x00000000080015a0        0x6 ./Core/Src/stm32f2xx_it.o
                0x00000000080015a0                MemManage_Handler
 .text.BusFault_Handler
                0x00000000080015a6        0x6 ./Core/Src/stm32f2xx_it.o
                0x00000000080015a6                BusFault_Handler
 .text.UsageFault_Handler
                0x00000000080015ac        0x6 ./Core/Src/stm32f2xx_it.o
                0x00000000080015ac                UsageFault_Handler
 .text.SVC_Handler
                0x00000000080015b2        0xc ./Core/Src/stm32f2xx_it.o
                0x00000000080015b2                SVC_Handler
 .text.DebugMon_Handler
                0x00000000080015be        0xc ./Core/Src/stm32f2xx_it.o
                0x00000000080015be                DebugMon_Handler
 .text.PendSV_Handler
                0x00000000080015ca        0xc ./Core/Src/stm32f2xx_it.o
                0x00000000080015ca                PendSV_Handler
 .text.SysTick_Handler
                0x00000000080015d6        0xc ./Core/Src/stm32f2xx_it.o
                0x00000000080015d6                SysTick_Handler
 *fill*         0x00000000080015e2        0x2 
 .text.OTG_FS_IRQHandler
                0x00000000080015e4       0x14 ./Core/Src/stm32f2xx_it.o
                0x00000000080015e4                OTG_FS_IRQHandler
 .text._sbrk    0x00000000080015f8       0x6c ./Core/Src/sysmem.o
                0x00000000080015f8                _sbrk
 .text.SystemInit
                0x0000000008001664        0xc ./Core/Src/system_stm32f2xx.o
                0x0000000008001664                SystemInit
 .text.Reset_Handler
                0x0000000008001670       0x50 ./Core/Startup/startup_stm32f207zgtx.o
                0x0000000008001670                Reset_Handler
 .text.Default_Handler
                0x00000000080016c0        0x2 ./Core/Startup/startup_stm32f207zgtx.o
                0x00000000080016c0                RTC_Alarm_IRQHandler
                0x00000000080016c0                HASH_RNG_IRQHandler
                0x00000000080016c0                EXTI2_IRQHandler
                0x00000000080016c0                TIM8_CC_IRQHandler
                0x00000000080016c0                TIM1_CC_IRQHandler
                0x00000000080016c0                DMA2_Stream5_IRQHandler
                0x00000000080016c0                DMA1_Stream5_IRQHandler
                0x00000000080016c0                PVD_IRQHandler
                0x00000000080016c0                SDIO_IRQHandler
                0x00000000080016c0                TAMP_STAMP_IRQHandler
                0x00000000080016c0                CAN2_RX1_IRQHandler
                0x00000000080016c0                EXTI3_IRQHandler
                0x00000000080016c0                TIM8_TRG_COM_TIM14_IRQHandler
                0x00000000080016c0                TIM1_UP_TIM10_IRQHandler
                0x00000000080016c0                TIM8_UP_TIM13_IRQHandler
                0x00000000080016c0                I2C3_ER_IRQHandler
                0x00000000080016c0                EXTI0_IRQHandler
                0x00000000080016c0                I2C2_EV_IRQHandler
                0x00000000080016c0                DMA1_Stream2_IRQHandler
                0x00000000080016c0                CAN1_RX0_IRQHandler
                0x00000000080016c0                OTG_HS_WKUP_IRQHandler
                0x00000000080016c0                CAN2_SCE_IRQHandler
                0x00000000080016c0                DMA2_Stream2_IRQHandler
                0x00000000080016c0                SPI1_IRQHandler
                0x00000000080016c0                TIM6_DAC_IRQHandler
                0x00000000080016c0                TIM1_BRK_TIM9_IRQHandler
                0x00000000080016c0                DCMI_IRQHandler
                0x00000000080016c0                CAN2_RX0_IRQHandler
                0x00000000080016c0                DMA2_Stream3_IRQHandler
                0x00000000080016c0                USART6_IRQHandler
                0x00000000080016c0                USART3_IRQHandler
                0x00000000080016c0                CAN1_RX1_IRQHandler
                0x00000000080016c0                UART5_IRQHandler
                0x00000000080016c0                DMA2_Stream0_IRQHandler
                0x00000000080016c0                TIM4_IRQHandler
                0x00000000080016c0                I2C1_EV_IRQHandler
                0x00000000080016c0                DMA1_Stream6_IRQHandler
                0x00000000080016c0                DMA1_Stream1_IRQHandler
                0x00000000080016c0                UART4_IRQHandler
                0x00000000080016c0                TIM3_IRQHandler
                0x00000000080016c0                RCC_IRQHandler
                0x00000000080016c0                TIM8_BRK_TIM12_IRQHandler
                0x00000000080016c0                Default_Handler
                0x00000000080016c0                EXTI15_10_IRQHandler
                0x00000000080016c0                ADC_IRQHandler
                0x00000000080016c0                DMA1_Stream7_IRQHandler
                0x00000000080016c0                TIM7_IRQHandler
                0x00000000080016c0                CAN2_TX_IRQHandler
                0x00000000080016c0                TIM5_IRQHandler
                0x00000000080016c0                DMA2_Stream7_IRQHandler
                0x00000000080016c0                I2C3_EV_IRQHandler
                0x00000000080016c0                EXTI9_5_IRQHandler
                0x00000000080016c0                RTC_WKUP_IRQHandler
                0x00000000080016c0                ETH_WKUP_IRQHandler
                0x00000000080016c0                SPI2_IRQHandler
                0x00000000080016c0                OTG_HS_EP1_IN_IRQHandler
                0x00000000080016c0                DMA1_Stream0_IRQHandler
                0x00000000080016c0                CAN1_TX_IRQHandler
                0x00000000080016c0                EXTI4_IRQHandler
                0x00000000080016c0                FSMC_IRQHandler
                0x00000000080016c0                ETH_IRQHandler
                0x00000000080016c0                OTG_HS_EP1_OUT_IRQHandler
                0x00000000080016c0                WWDG_IRQHandler
                0x00000000080016c0                TIM2_IRQHandler
                0x00000000080016c0                OTG_FS_WKUP_IRQHandler
                0x00000000080016c0                TIM1_TRG_COM_TIM11_IRQHandler
                0x00000000080016c0                OTG_HS_IRQHandler
                0x00000000080016c0                EXTI1_IRQHandler
                0x00000000080016c0                USART2_IRQHandler
                0x00000000080016c0                I2C2_ER_IRQHandler
                0x00000000080016c0                DMA2_Stream1_IRQHandler
                0x00000000080016c0                CAN1_SCE_IRQHandler
                0x00000000080016c0                FLASH_IRQHandler
                0x00000000080016c0                DMA2_Stream4_IRQHandler
                0x00000000080016c0                USART1_IRQHandler
                0x00000000080016c0                SPI3_IRQHandler
                0x00000000080016c0                DMA1_Stream4_IRQHandler
                0x00000000080016c0                I2C1_ER_IRQHandler
                0x00000000080016c0                DMA2_Stream6_IRQHandler
                0x00000000080016c0                DMA1_Stream3_IRQHandler
 *fill*         0x00000000080016c2        0x2 
 .text.HAL_Init
                0x00000000080016c4       0x44 ./Drivers/STM32F2xx_HAL_Driver/Src/stm32f2xx_hal.o
                0x00000000080016c4                HAL_Init
 .text.HAL_InitTick
                0x0000000008001708       0x60 ./Drivers/STM32F2xx_HAL_Driver/Src/stm32f2xx_hal.o
                0x0000000008001708                HAL_InitTick
 .text.HAL_IncTick
                0x0000000008001768       0x24 ./Drivers/STM32F2xx_HAL_Driver/Src/stm32f2xx_hal.o
                0x0000000008001768                HAL_IncTick
 .text.HAL_GetTick
                0x000000000800178c       0x14 ./Drivers/STM32F2xx_HAL_Driver/Src/stm32f2xx_hal.o
                0x000000000800178c                HAL_GetTick
 .text.HAL_Delay
                0x00000000080017a0       0x48 ./Drivers/STM32F2xx_HAL_Driver/Src/stm32f2xx_hal.o
                0x00000000080017a0                HAL_Delay
 .text.__NVIC_SetPriorityGrouping
                0x00000000080017e8       0x48 ./Drivers/STM32F2xx_HAL_Driver/Src/stm32f2xx_hal_cortex.o
 .text.__NVIC_GetPriorityGrouping
                0x0000000008001830       0x1c ./Drivers/STM32F2xx_HAL_Driver/Src/stm32f2xx_hal_cortex.o
 .text.__NVIC_EnableIRQ
                0x000000000800184c       0x38 ./Drivers/STM32F2xx_HAL_Driver/Src/stm32f2xx_hal_cortex.o
 .text.__NVIC_SetPriority
                0x0000000008001884       0x54 ./Drivers/STM32F2xx_HAL_Driver/Src/stm32f2xx_hal_cortex.o
 .text.NVIC_EncodePriority
                0x00000000080018d8       0x64 ./Drivers/STM32F2xx_HAL_Driver/Src/stm32f2xx_hal_cortex.o
 .text.SysTick_Config
                0x000000000800193c       0x44 ./Drivers/STM32F2xx_HAL_Driver/Src/stm32f2xx_hal_cortex.o
 .text.HAL_NVIC_SetPriorityGrouping
                0x0000000008001980       0x16 ./Drivers/STM32F2xx_HAL_Driver/Src/stm32f2xx_hal_cortex.o
                0x0000000008001980                HAL_NVIC_SetPriorityGrouping
 .text.HAL_NVIC_SetPriority
                0x0000000008001996       0x38 ./Drivers/STM32F2xx_HAL_Driver/Src/stm32f2xx_hal_cortex.o
                0x0000000008001996                HAL_NVIC_SetPriority
 .text.HAL_NVIC_EnableIRQ
                0x00000000080019ce       0x1c ./Drivers/STM32F2xx_HAL_Driver/Src/stm32f2xx_hal_cortex.o
                0x00000000080019ce                HAL_NVIC_EnableIRQ
 .text.HAL_SYSTICK_Config
                0x00000000080019ea       0x18 ./Drivers/STM32F2xx_HAL_Driver/Src/stm32f2xx_hal_cortex.o
                0x00000000080019ea                HAL_SYSTICK_Config
 *fill*         0x0000000008001a02        0x2 
 .text.HAL_GPIO_Init
                0x0000000008001a04      0x33c ./Drivers/STM32F2xx_HAL_Driver/Src/stm32f2xx_hal_gpio.o
                0x0000000008001a04                HAL_GPIO_Init
 .text.HAL_GPIO_WritePin
                0x0000000008001d40       0x30 ./Drivers/STM32F2xx_HAL_Driver/Src/stm32f2xx_hal_gpio.o
                0x0000000008001d40                HAL_GPIO_WritePin
 .text.HAL_HCD_Init
                0x0000000008001d70       0xce ./Drivers/STM32F2xx_HAL_Driver/Src/stm32f2xx_hal_hcd.o
                0x0000000008001d70                HAL_HCD_Init
 .text.HAL_HCD_HC_Init
                0x0000000008001e3e      0x170 ./Drivers/STM32F2xx_HAL_Driver/Src/stm32f2xx_hal_hcd.o
                0x0000000008001e3e                HAL_HCD_HC_Init
 .text.HAL_HCD_HC_Halt
                0x0000000008001fae       0x46 ./Drivers/STM32F2xx_HAL_Driver/Src/stm32f2xx_hal_hcd.o
                0x0000000008001fae                HAL_HCD_HC_Halt
 .text.HAL_HCD_HC_SubmitRequest
                0x0000000008001ff4      0x33c ./Drivers/STM32F2xx_HAL_Driver/Src/stm32f2xx_hal_hcd.o
                0x0000000008001ff4                HAL_HCD_HC_SubmitRequest
 .text.HAL_HCD_IRQHandler
                0x0000000008002330      0x220 ./Drivers/STM32F2xx_HAL_Driver/Src/stm32f2xx_hal_hcd.o
                0x0000000008002330                HAL_HCD_IRQHandler
 .text.HAL_HCD_Start
                0x0000000008002550       0x46 ./Drivers/STM32F2xx_HAL_Driver/Src/stm32f2xx_hal_hcd.o
                0x0000000008002550                HAL_HCD_Start
 .text.HAL_HCD_Stop
                0x0000000008002596       0x3a ./Drivers/STM32F2xx_HAL_Driver/Src/stm32f2xx_hal_hcd.o
                0x0000000008002596                HAL_HCD_Stop
 .text.HAL_HCD_ResetPort
                0x00000000080025d0       0x1c ./Drivers/STM32F2xx_HAL_Driver/Src/stm32f2xx_hal_hcd.o
                0x00000000080025d0                HAL_HCD_ResetPort
 .text.HAL_HCD_HC_GetURBState
                0x00000000080025ec       0x28 ./Drivers/STM32F2xx_HAL_Driver/Src/stm32f2xx_hal_hcd.o
                0x00000000080025ec                HAL_HCD_HC_GetURBState
 .text.HAL_HCD_HC_GetXferCount
                0x0000000008002614       0x28 ./Drivers/STM32F2xx_HAL_Driver/Src/stm32f2xx_hal_hcd.o
                0x0000000008002614                HAL_HCD_HC_GetXferCount
 .text.HAL_HCD_GetCurrentFrame
                0x000000000800263c       0x1c ./Drivers/STM32F2xx_HAL_Driver/Src/stm32f2xx_hal_hcd.o
                0x000000000800263c                HAL_HCD_GetCurrentFrame
 .text.HAL_HCD_GetCurrentSpeed
                0x0000000008002658       0x1c ./Drivers/STM32F2xx_HAL_Driver/Src/stm32f2xx_hal_hcd.o
                0x0000000008002658                HAL_HCD_GetCurrentSpeed
 .text.HAL_HCD_HC_ClearHubInfo
                0x0000000008002674       0x68 ./Drivers/STM32F2xx_HAL_Driver/Src/stm32f2xx_hal_hcd.o
                0x0000000008002674                HAL_HCD_HC_ClearHubInfo
 .text.HCD_HC_IN_IRQHandler
                0x00000000080026dc      0xcd2 ./Drivers/STM32F2xx_HAL_Driver/Src/stm32f2xx_hal_hcd.o
 .text.HCD_HC_OUT_IRQHandler
                0x00000000080033ae      0x94a ./Drivers/STM32F2xx_HAL_Driver/Src/stm32f2xx_hal_hcd.o
 .text.HCD_RXQLVL_IRQHandler
                0x0000000008003cf8      0x1be ./Drivers/STM32F2xx_HAL_Driver/Src/stm32f2xx_hal_hcd.o
 .text.HCD_Port_IRQHandler
                0x0000000008003eb6       0xe6 ./Drivers/STM32F2xx_HAL_Driver/Src/stm32f2xx_hal_hcd.o
 .text.HAL_RCC_OscConfig
                0x0000000008003f9c      0x4a8 ./Drivers/STM32F2xx_HAL_Driver/Src/stm32f2xx_hal_rcc.o
                0x0000000008003f9c                HAL_RCC_OscConfig
 .text.HAL_RCC_ClockConfig
                0x0000000008004444      0x1d8 ./Drivers/STM32F2xx_HAL_Driver/Src/stm32f2xx_hal_rcc.o
                0x0000000008004444                HAL_RCC_ClockConfig
 .text.HAL_RCC_GetSysClockFreq
                0x000000000800461c      0x218 ./Drivers/STM32F2xx_HAL_Driver/Src/stm32f2xx_hal_rcc.o
                0x000000000800461c                HAL_RCC_GetSysClockFreq
 .text.USB_CoreInit
                0x0000000008004834       0xb2 ./Drivers/STM32F2xx_HAL_Driver/Src/stm32f2xx_ll_usb.o
                0x0000000008004834                USB_CoreInit
 .text.USB_EnableGlobalInt
                0x00000000080048e6       0x20 ./Drivers/STM32F2xx_HAL_Driver/Src/stm32f2xx_ll_usb.o
                0x00000000080048e6                USB_EnableGlobalInt
 .text.USB_DisableGlobalInt
                0x0000000008004906       0x20 ./Drivers/STM32F2xx_HAL_Driver/Src/stm32f2xx_ll_usb.o
                0x0000000008004906                USB_DisableGlobalInt
 .text.USB_SetCurrentMode
                0x0000000008004926       0x98 ./Drivers/STM32F2xx_HAL_Driver/Src/stm32f2xx_ll_usb.o
                0x0000000008004926                USB_SetCurrentMode
 .text.USB_FlushTxFifo
                0x00000000080049be       0x62 ./Drivers/STM32F2xx_HAL_Driver/Src/stm32f2xx_ll_usb.o
                0x00000000080049be                USB_FlushTxFifo
 .text.USB_FlushRxFifo
                0x0000000008004a20       0x5a ./Drivers/STM32F2xx_HAL_Driver/Src/stm32f2xx_ll_usb.o
                0x0000000008004a20                USB_FlushRxFifo
 .text.USB_WritePacket
                0x0000000008004a7a       0x7a ./Drivers/STM32F2xx_HAL_Driver/Src/stm32f2xx_ll_usb.o
                0x0000000008004a7a                USB_WritePacket
 .text.USB_ReadPacket
                0x0000000008004af4       0xae ./Drivers/STM32F2xx_HAL_Driver/Src/stm32f2xx_ll_usb.o
                0x0000000008004af4                USB_ReadPacket
 .text.USB_ReadInterrupts
                0x0000000008004ba2       0x24 ./Drivers/STM32F2xx_HAL_Driver/Src/stm32f2xx_ll_usb.o
                0x0000000008004ba2                USB_ReadInterrupts
 .text.USB_ReadChInterrupts
                0x0000000008004bc6       0x40 ./Drivers/STM32F2xx_HAL_Driver/Src/stm32f2xx_ll_usb.o
                0x0000000008004bc6                USB_ReadChInterrupts
 .text.USB_GetMode
                0x0000000008004c06       0x1a ./Drivers/STM32F2xx_HAL_Driver/Src/stm32f2xx_ll_usb.o
                0x0000000008004c06                USB_GetMode
 .text.USB_CoreReset
                0x0000000008004c20       0x60 ./Drivers/STM32F2xx_HAL_Driver/Src/stm32f2xx_ll_usb.o
 .text.USB_HostInit
                0x0000000008004c80      0x188 ./Drivers/STM32F2xx_HAL_Driver/Src/stm32f2xx_ll_usb.o
                0x0000000008004c80                USB_HostInit
 .text.USB_InitFSLSPClkSel
                0x0000000008004e08       0x78 ./Drivers/STM32F2xx_HAL_Driver/Src/stm32f2xx_ll_usb.o
                0x0000000008004e08                USB_InitFSLSPClkSel
 .text.USB_ResetPort
                0x0000000008004e80       0x54 ./Drivers/STM32F2xx_HAL_Driver/Src/stm32f2xx_ll_usb.o
                0x0000000008004e80                USB_ResetPort
 .text.USB_DriveVbus
                0x0000000008004ed4       0x70 ./Drivers/STM32F2xx_HAL_Driver/Src/stm32f2xx_ll_usb.o
                0x0000000008004ed4                USB_DriveVbus
 .text.USB_GetHostSpeed
                0x0000000008004f44       0x2c ./Drivers/STM32F2xx_HAL_Driver/Src/stm32f2xx_ll_usb.o
                0x0000000008004f44                USB_GetHostSpeed
 .text.USB_GetCurrentFrame
                0x0000000008004f70       0x20 ./Drivers/STM32F2xx_HAL_Driver/Src/stm32f2xx_ll_usb.o
                0x0000000008004f70                USB_GetCurrentFrame
 .text.USB_HC_Init
                0x0000000008004f90      0x258 ./Drivers/STM32F2xx_HAL_Driver/Src/stm32f2xx_ll_usb.o
                0x0000000008004f90                USB_HC_Init
 .text.USB_HC_StartXfer
                0x00000000080051e8      0x4f4 ./Drivers/STM32F2xx_HAL_Driver/Src/stm32f2xx_ll_usb.o
                0x00000000080051e8                USB_HC_StartXfer
 .text.USB_HC_ReadInterrupt
                0x00000000080056dc       0x20 ./Drivers/STM32F2xx_HAL_Driver/Src/stm32f2xx_ll_usb.o
                0x00000000080056dc                USB_HC_ReadInterrupt
 .text.USB_HC_Halt
                0x00000000080056fc      0x23e ./Drivers/STM32F2xx_HAL_Driver/Src/stm32f2xx_ll_usb.o
                0x00000000080056fc                USB_HC_Halt
 *fill*         0x000000000800593a        0x2 
 .text.USB_DoPing
                0x000000000800593c       0x74 ./Drivers/STM32F2xx_HAL_Driver/Src/stm32f2xx_ll_usb.o
                0x000000000800593c                USB_DoPing
 .text.USB_StopHost
                0x00000000080059b0      0x124 ./Drivers/STM32F2xx_HAL_Driver/Src/stm32f2xx_ll_usb.o
                0x00000000080059b0                USB_StopHost
 .text.MX_FATFS_Init
                0x0000000008005ad4       0x24 ./FATFS/App/fatfs.o
                0x0000000008005ad4                MX_FATFS_Init
 .text.get_fattime
                0x0000000008005af8        0xe ./FATFS/App/fatfs.o
                0x0000000008005af8                get_fattime
 .text.USBH_MSC_InterfaceInit
                0x0000000008005b06      0x216 ./Middlewares/ST/STM32_USB_Host_Library/Class/MSC/Src/usbh_msc.o
 .text.USBH_MSC_InterfaceDeInit
                0x0000000008005d1c       0x8c ./Middlewares/ST/STM32_USB_Host_Library/Class/MSC/Src/usbh_msc.o
 .text.USBH_MSC_ClassRequest
                0x0000000008005da8       0xd0 ./Middlewares/ST/STM32_USB_Host_Library/Class/MSC/Src/usbh_msc.o
 .text.USBH_MSC_Process
                0x0000000008005e78      0x520 ./Middlewares/ST/STM32_USB_Host_Library/Class/MSC/Src/usbh_msc.o
 .text.USBH_MSC_SOFProcess
                0x0000000008006398       0x14 ./Middlewares/ST/STM32_USB_Host_Library/Class/MSC/Src/usbh_msc.o
 .text.USBH_MSC_RdWrProcess
                0x00000000080063ac      0x19e ./Middlewares/ST/STM32_USB_Host_Library/Class/MSC/Src/usbh_msc.o
 .text.USBH_MSC_UnitIsReady
                0x000000000800654a       0x4a ./Middlewares/ST/STM32_USB_Host_Library/Class/MSC/Src/usbh_msc.o
                0x000000000800654a                USBH_MSC_UnitIsReady
 .text.USBH_MSC_GetLUNInfo
                0x0000000008006594       0x48 ./Middlewares/ST/STM32_USB_Host_Library/Class/MSC/Src/usbh_msc.o
                0x0000000008006594                USBH_MSC_GetLUNInfo
 .text.USBH_MSC_Read
                0x00000000080065dc       0xd2 ./Middlewares/ST/STM32_USB_Host_Library/Class/MSC/Src/usbh_msc.o
                0x00000000080065dc                USBH_MSC_Read
 .text.USBH_MSC_Write
                0x00000000080066ae       0xd2 ./Middlewares/ST/STM32_USB_Host_Library/Class/MSC/Src/usbh_msc.o
                0x00000000080066ae                USBH_MSC_Write
 .text.USBH_MSC_BOT_REQ_Reset
                0x0000000008006780       0x3a ./Middlewares/ST/STM32_USB_Host_Library/Class/MSC/Src/usbh_msc_bot.o
                0x0000000008006780                USBH_MSC_BOT_REQ_Reset
 .text.USBH_MSC_BOT_REQ_GetMaxLUN
                0x00000000080067ba       0x3c ./Middlewares/ST/STM32_USB_Host_Library/Class/MSC/Src/usbh_msc_bot.o
                0x00000000080067ba                USBH_MSC_BOT_REQ_GetMaxLUN
 *fill*         0x00000000080067f6        0x2 
 .text.USBH_MSC_BOT_Init
                0x00000000080067f8       0x44 ./Middlewares/ST/STM32_USB_Host_Library/Class/MSC/Src/usbh_msc_bot.o
                0x00000000080067f8                USBH_MSC_BOT_Init
 .text.USBH_MSC_BOT_Process
                0x000000000800683c      0x39c ./Middlewares/ST/STM32_USB_Host_Library/Class/MSC/Src/usbh_msc_bot.o
                0x000000000800683c                USBH_MSC_BOT_Process
 .text.USBH_MSC_BOT_Abort
                0x0000000008006bd8       0x58 ./Middlewares/ST/STM32_USB_Host_Library/Class/MSC/Src/usbh_msc_bot.o
 .text.USBH_MSC_DecodeCSW
                0x0000000008006c30       0x88 ./Middlewares/ST/STM32_USB_Host_Library/Class/MSC/Src/usbh_msc_bot.o
 .text.USBH_MSC_SCSI_TestUnitReady
                0x0000000008006cb8       0x86 ./Middlewares/ST/STM32_USB_Host_Library/Class/MSC/Src/usbh_msc_scsi.o
                0x0000000008006cb8                USBH_MSC_SCSI_TestUnitReady
 .text.USBH_MSC_SCSI_ReadCapacity
                0x0000000008006d3e       0xf6 ./Middlewares/ST/STM32_USB_Host_Library/Class/MSC/Src/usbh_msc_scsi.o
                0x0000000008006d3e                USBH_MSC_SCSI_ReadCapacity
 .text.USBH_MSC_SCSI_Inquiry
                0x0000000008006e34      0x14a ./Middlewares/ST/STM32_USB_Host_Library/Class/MSC/Src/usbh_msc_scsi.o
                0x0000000008006e34                USBH_MSC_SCSI_Inquiry
 .text.USBH_MSC_SCSI_RequestSense
                0x0000000008006f7e       0xf2 ./Middlewares/ST/STM32_USB_Host_Library/Class/MSC/Src/usbh_msc_scsi.o
                0x0000000008006f7e                USBH_MSC_SCSI_RequestSense
 .text.USBH_MSC_SCSI_Write
                0x0000000008007070       0xd6 ./Middlewares/ST/STM32_USB_Host_Library/Class/MSC/Src/usbh_msc_scsi.o
                0x0000000008007070                USBH_MSC_SCSI_Write
 .text.USBH_MSC_SCSI_Read
                0x0000000008007146       0xd6 ./Middlewares/ST/STM32_USB_Host_Library/Class/MSC/Src/usbh_msc_scsi.o
                0x0000000008007146                USBH_MSC_SCSI_Read
 .text.USBH_Init
                0x000000000800721c       0x74 ./Middlewares/ST/STM32_USB_Host_Library/Core/Src/usbh_core.o
                0x000000000800721c                USBH_Init
 .text.DeInitStateMachine
                0x0000000008007290       0x94 ./Middlewares/ST/STM32_USB_Host_Library/Core/Src/usbh_core.o
 .text.USBH_RegisterClass
                0x0000000008007324       0x54 ./Middlewares/ST/STM32_USB_Host_Library/Core/Src/usbh_core.o
                0x0000000008007324                USBH_RegisterClass
 .text.USBH_SelectInterface
                0x0000000008007378       0x36 ./Middlewares/ST/STM32_USB_Host_Library/Core/Src/usbh_core.o
                0x0000000008007378                USBH_SelectInterface
 .text.USBH_FindInterface
                0x00000000080073ae       0x8a ./Middlewares/ST/STM32_USB_Host_Library/Core/Src/usbh_core.o
                0x00000000080073ae                USBH_FindInterface
 .text.USBH_Start
                0x0000000008007438       0x20 ./Middlewares/ST/STM32_USB_Host_Library/Core/Src/usbh_core.o
                0x0000000008007438                USBH_Start
 .text.USBH_Process
                0x0000000008007458      0x34c ./Middlewares/ST/STM32_USB_Host_Library/Core/Src/usbh_core.o
                0x0000000008007458                USBH_Process
 .text.USBH_HandleEnum
                0x00000000080077a4      0x234 ./Middlewares/ST/STM32_USB_Host_Library/Core/Src/usbh_core.o
 .text.USBH_LL_SetTimer
                0x00000000080079d8       0x1c ./Middlewares/ST/STM32_USB_Host_Library/Core/Src/usbh_core.o
                0x00000000080079d8                USBH_LL_SetTimer
 .text.USBH_LL_IncTimer
                0x00000000080079f4       0x24 ./Middlewares/ST/STM32_USB_Host_Library/Core/Src/usbh_core.o
                0x00000000080079f4                USBH_LL_IncTimer
 .text.USBH_HandleSof
                0x0000000008007a18       0x30 ./Middlewares/ST/STM32_USB_Host_Library/Core/Src/usbh_core.o
 .text.USBH_LL_PortEnabled
                0x0000000008007a48       0x1a ./Middlewares/ST/STM32_USB_Host_Library/Core/Src/usbh_core.o
                0x0000000008007a48                USBH_LL_PortEnabled
 .text.USBH_LL_PortDisabled
                0x0000000008007a62       0x1a ./Middlewares/ST/STM32_USB_Host_Library/Core/Src/usbh_core.o
                0x0000000008007a62                USBH_LL_PortDisabled
 .text.USBH_LL_Connect
                0x0000000008007a7c       0x2c ./Middlewares/ST/STM32_USB_Host_Library/Core/Src/usbh_core.o
                0x0000000008007a7c                USBH_LL_Connect
 .text.USBH_LL_Disconnect
                0x0000000008007aa8       0x48 ./Middlewares/ST/STM32_USB_Host_Library/Core/Src/usbh_core.o
                0x0000000008007aa8                USBH_LL_Disconnect
 .text.USBH_Get_DevDesc
                0x0000000008007af0       0x50 ./Middlewares/ST/STM32_USB_Host_Library/Core/Src/usbh_ctlreq.o
                0x0000000008007af0                USBH_Get_DevDesc
 .text.USBH_Get_CfgDesc
                0x0000000008007b40       0x48 ./Middlewares/ST/STM32_USB_Host_Library/Core/Src/usbh_ctlreq.o
                0x0000000008007b40                USBH_Get_CfgDesc
 .text.USBH_Get_StringDesc
                0x0000000008007b88       0x56 ./Middlewares/ST/STM32_USB_Host_Library/Core/Src/usbh_ctlreq.o
                0x0000000008007b88                USBH_Get_StringDesc
 .text.USBH_GetDescriptor
                0x0000000008007bde       0x6a ./Middlewares/ST/STM32_USB_Host_Library/Core/Src/usbh_ctlreq.o
                0x0000000008007bde                USBH_GetDescriptor
 .text.USBH_SetAddress
                0x0000000008007c48       0x48 ./Middlewares/ST/STM32_USB_Host_Library/Core/Src/usbh_ctlreq.o
                0x0000000008007c48                USBH_SetAddress
 .text.USBH_SetCfg
                0x0000000008007c90       0x46 ./Middlewares/ST/STM32_USB_Host_Library/Core/Src/usbh_ctlreq.o
                0x0000000008007c90                USBH_SetCfg
 .text.USBH_SetFeature
                0x0000000008007cd6       0x48 ./Middlewares/ST/STM32_USB_Host_Library/Core/Src/usbh_ctlreq.o
                0x0000000008007cd6                USBH_SetFeature
 .text.USBH_ClrFeature
                0x0000000008007d1e       0x48 ./Middlewares/ST/STM32_USB_Host_Library/Core/Src/usbh_ctlreq.o
                0x0000000008007d1e                USBH_ClrFeature
 .text.USBH_ParseDevDesc
                0x0000000008007d66       0xde ./Middlewares/ST/STM32_USB_Host_Library/Core/Src/usbh_ctlreq.o
 .text.USBH_ParseCfgDesc
                0x0000000008007e44      0x144 ./Middlewares/ST/STM32_USB_Host_Library/Core/Src/usbh_ctlreq.o
 .text.USBH_ParseInterfaceDesc
                0x0000000008007f88       0x5c ./Middlewares/ST/STM32_USB_Host_Library/Core/Src/usbh_ctlreq.o
 .text.USBH_ParseEPDesc
                0x0000000008007fe4       0x58 ./Middlewares/ST/STM32_USB_Host_Library/Core/Src/usbh_ctlreq.o
 .text.USBH_ParseStringDesc
                0x000000000800803c       0x64 ./Middlewares/ST/STM32_USB_Host_Library/Core/Src/usbh_ctlreq.o
 .text.USBH_GetNextDesc
                0x00000000080080a0       0x34 ./Middlewares/ST/STM32_USB_Host_Library/Core/Src/usbh_ctlreq.o
                0x00000000080080a0                USBH_GetNextDesc
 .text.USBH_CtlReq
                0x00000000080080d4       0x94 ./Middlewares/ST/STM32_USB_Host_Library/Core/Src/usbh_ctlreq.o
                0x00000000080080d4                USBH_CtlReq
 .text.USBH_HandleControl
                0x0000000008008168      0x2d0 ./Middlewares/ST/STM32_USB_Host_Library/Core/Src/usbh_ctlreq.o
 .text.USBH_CtlSendSetup
                0x0000000008008438       0x34 ./Middlewares/ST/STM32_USB_Host_Library/Core/Src/usbh_ioreq.o
                0x0000000008008438                USBH_CtlSendSetup
 .text.USBH_CtlSendData
                0x000000000800846c       0x4a ./Middlewares/ST/STM32_USB_Host_Library/Core/Src/usbh_ioreq.o
                0x000000000800846c                USBH_CtlSendData
 .text.USBH_CtlReceiveData
                0x00000000080084b6       0x3c ./Middlewares/ST/STM32_USB_Host_Library/Core/Src/usbh_ioreq.o
                0x00000000080084b6                USBH_CtlReceiveData
 .text.USBH_BulkSendData
                0x00000000080084f2       0x4a ./Middlewares/ST/STM32_USB_Host_Library/Core/Src/usbh_ioreq.o
                0x00000000080084f2                USBH_BulkSendData
 .text.USBH_BulkReceiveData
                0x000000000800853c       0x3c ./Middlewares/ST/STM32_USB_Host_Library/Core/Src/usbh_ioreq.o
                0x000000000800853c                USBH_BulkReceiveData
 .text.USBH_OpenPipe
                0x0000000008008578       0x3e ./Middlewares/ST/STM32_USB_Host_Library/Core/Src/usbh_pipes.o
                0x0000000008008578                USBH_OpenPipe
 .text.USBH_ClosePipe
                0x00000000080085b6       0x20 ./Middlewares/ST/STM32_USB_Host_Library/Core/Src/usbh_pipes.o
                0x00000000080085b6                USBH_ClosePipe
 .text.USBH_AllocPipe
                0x00000000080085d6       0x40 ./Middlewares/ST/STM32_USB_Host_Library/Core/Src/usbh_pipes.o
                0x00000000080085d6                USBH_AllocPipe
 .text.USBH_FreePipe
                0x0000000008008616       0x36 ./Middlewares/ST/STM32_USB_Host_Library/Core/Src/usbh_pipes.o
                0x0000000008008616                USBH_FreePipe
 .text.USBH_GetFreePipe
                0x000000000800864c       0x44 ./Middlewares/ST/STM32_USB_Host_Library/Core/Src/usbh_pipes.o
 .text.disk_status
                0x0000000008008690       0x34 ./Middlewares/Third_Party/FatFs/src/diskio.o
                0x0000000008008690                disk_status
 .text.disk_initialize
                0x00000000080086c4       0x4c ./Middlewares/Third_Party/FatFs/src/diskio.o
                0x00000000080086c4                disk_initialize
 .text.disk_read
                0x0000000008008710       0x40 ./Middlewares/Third_Party/FatFs/src/diskio.o
                0x0000000008008710                disk_read
 .text.disk_write
                0x0000000008008750       0x40 ./Middlewares/Third_Party/FatFs/src/diskio.o
                0x0000000008008750                disk_write
 .text.disk_ioctl
                0x0000000008008790       0x3c ./Middlewares/Third_Party/FatFs/src/diskio.o
                0x0000000008008790                disk_ioctl
 .text.mem_cpy  0x00000000080087cc       0x3c ./Middlewares/Third_Party/FatFs/src/ff.o
 .text.mem_set  0x0000000008008808       0x34 ./Middlewares/Third_Party/FatFs/src/ff.o
 .text.mem_cmp  0x000000000800883c       0x4c ./Middlewares/Third_Party/FatFs/src/ff.o
 .text.chk_chr  0x0000000008008888       0x34 ./Middlewares/Third_Party/FatFs/src/ff.o
 .text.chk_lock
                0x00000000080088bc       0xe0 ./Middlewares/Third_Party/FatFs/src/ff.o
 .text.enq_lock
                0x000000000800899c       0x48 ./Middlewares/Third_Party/FatFs/src/ff.o
 .text.inc_lock
                0x00000000080089e4      0x178 ./Middlewares/Third_Party/FatFs/src/ff.o
 .text.dec_lock
                0x0000000008008b5c       0x88 ./Middlewares/Third_Party/FatFs/src/ff.o
 .text.clear_lock
                0x0000000008008be4       0x54 ./Middlewares/Third_Party/FatFs/src/ff.o
 .text.sync_window
                0x0000000008008c38       0xa4 ./Middlewares/Third_Party/FatFs/src/ff.o
 .text.move_window
                0x0000000008008cdc       0x64 ./Middlewares/Third_Party/FatFs/src/ff.o
 .text.sync_fs  0x0000000008008d40      0x17e ./Middlewares/Third_Party/FatFs/src/ff.o
 .text.clust2sect
                0x0000000008008ebe       0x48 ./Middlewares/Third_Party/FatFs/src/ff.o
                0x0000000008008ebe                clust2sect
 .text.get_fat  0x0000000008008f06      0x1f8 ./Middlewares/Third_Party/FatFs/src/ff.o
                0x0000000008008f06                get_fat
 .text.put_fat  0x00000000080090fe      0x2a6 ./Middlewares/Third_Party/FatFs/src/ff.o
                0x00000000080090fe                put_fat
 .text.remove_chain
                0x00000000080093a4       0xc2 ./Middlewares/Third_Party/FatFs/src/ff.o
 .text.create_chain
                0x0000000008009466      0x150 ./Middlewares/Third_Party/FatFs/src/ff.o
 .text.clmt_clust
                0x00000000080095b6       0x80 ./Middlewares/Third_Party/FatFs/src/ff.o
 .text.dir_sdi  0x0000000008009636      0x19c ./Middlewares/Third_Party/FatFs/src/ff.o
 .text.dir_next
                0x00000000080097d2      0x294 ./Middlewares/Third_Party/FatFs/src/ff.o
 .text.dir_alloc
                0x0000000008009a66       0x9c ./Middlewares/Third_Party/FatFs/src/ff.o
 .text.ld_clust
                0x0000000008009b02       0x5c ./Middlewares/Third_Party/FatFs/src/ff.o
 .text.st_clust
                0x0000000008009b5e       0x4c ./Middlewares/Third_Party/FatFs/src/ff.o
 *fill*         0x0000000008009baa        0x2 
 .text.cmp_lfn  0x0000000008009bac       0xdc ./Middlewares/Third_Party/FatFs/src/ff.o
 .text.pick_lfn
                0x0000000008009c88       0xc8 ./Middlewares/Third_Party/FatFs/src/ff.o
 .text.fit_lfn  0x0000000008009d50       0xe8 ./Middlewares/Third_Party/FatFs/src/ff.o
 .text.gen_numname
                0x0000000008009e38      0x11c ./Middlewares/Third_Party/FatFs/src/ff.o
 .text.sum_sfn  0x0000000008009f54       0x40 ./Middlewares/Third_Party/FatFs/src/ff.o
 .text.dir_find
                0x0000000008009f94      0x198 ./Middlewares/Third_Party/FatFs/src/ff.o
 .text.dir_read
                0x000000000800a12c      0x164 ./Middlewares/Third_Party/FatFs/src/ff.o
 .text.dir_register
                0x000000000800a290      0x248 ./Middlewares/Third_Party/FatFs/src/ff.o
 .text.get_fileinfo
                0x000000000800a4d8      0x1a6 ./Middlewares/Third_Party/FatFs/src/ff.o
 *fill*         0x000000000800a67e        0x2 
 .text.create_name
                0x000000000800a680      0x37c ./Middlewares/Third_Party/FatFs/src/ff.o
 .text.follow_path
                0x000000000800a9fc       0xec ./Middlewares/Third_Party/FatFs/src/ff.o
 .text.get_ldnumber
                0x000000000800aae8       0x86 ./Middlewares/Third_Party/FatFs/src/ff.o
 *fill*         0x000000000800ab6e        0x2 
 .text.check_fs
                0x000000000800ab70       0xdc ./Middlewares/Third_Party/FatFs/src/ff.o
 .text.find_volume
                0x000000000800ac4c      0x664 ./Middlewares/Third_Party/FatFs/src/ff.o
 .text.validate
                0x000000000800b2b0       0x76 ./Middlewares/Third_Party/FatFs/src/ff.o
 *fill*         0x000000000800b326        0x2 
 .text.f_mount  0x000000000800b328       0x94 ./Middlewares/Third_Party/FatFs/src/ff.o
                0x000000000800b328                f_mount
 .text.f_open   0x000000000800b3bc      0x630 ./Middlewares/Third_Party/FatFs/src/ff.o
                0x000000000800b3bc                f_open
 .text.f_write  0x000000000800b9ec      0x472 ./Middlewares/Third_Party/FatFs/src/ff.o
                0x000000000800b9ec                f_write
 .text.f_sync   0x000000000800be5e      0x19c ./Middlewares/Third_Party/FatFs/src/ff.o
                0x000000000800be5e                f_sync
 .text.f_close  0x000000000800bffa       0x56 ./Middlewares/Third_Party/FatFs/src/ff.o
                0x000000000800bffa                f_close
 .text.f_opendir
                0x000000000800c050      0x134 ./Middlewares/Third_Party/FatFs/src/ff.o
                0x000000000800c050                f_opendir
 .text.f_closedir
                0x000000000800c184       0x52 ./Middlewares/Third_Party/FatFs/src/ff.o
                0x000000000800c184                f_closedir
 *fill*         0x000000000800c1d6        0x2 
 .text.f_readdir
                0x000000000800c1d8       0xa8 ./Middlewares/Third_Party/FatFs/src/ff.o
                0x000000000800c1d8                f_readdir
 .text.f_stat   0x000000000800c280       0xec ./Middlewares/Third_Party/FatFs/src/ff.o
                0x000000000800c280                f_stat
 .text.f_getfree
                0x000000000800c36c      0x1b4 ./Middlewares/Third_Party/FatFs/src/ff.o
                0x000000000800c36c                f_getfree
 .text.f_mkdir  0x000000000800c520      0x4b0 ./Middlewares/Third_Party/FatFs/src/ff.o
                0x000000000800c520                f_mkdir
 .text.FATFS_LinkDriverEx
                0x000000000800c9d0       0x94 ./Middlewares/Third_Party/FatFs/src/ff_gen_drv.o
                0x000000000800c9d0                FATFS_LinkDriverEx
 .text.FATFS_LinkDriver
                0x000000000800ca64       0x1e ./Middlewares/Third_Party/FatFs/src/ff_gen_drv.o
                0x000000000800ca64                FATFS_LinkDriver
 .text.USBH_initialize
                0x000000000800ca82       0x16 ./Middlewares/Third_Party/FatFs/src/drivers/usbh_diskio.o
                0x000000000800ca82                USBH_initialize
 .text.USBH_status
                0x000000000800ca98       0x38 ./Middlewares/Third_Party/FatFs/src/drivers/usbh_diskio.o
                0x000000000800ca98                USBH_status
 .text.USBH_read
                0x000000000800cad0       0x94 ./Middlewares/Third_Party/FatFs/src/drivers/usbh_diskio.o
                0x000000000800cad0                USBH_read
 .text.USBH_write
                0x000000000800cb64       0xa4 ./Middlewares/Third_Party/FatFs/src/drivers/usbh_diskio.o
                0x000000000800cb64                USBH_write
 .text.USBH_ioctl
                0x000000000800cc08       0xd4 ./Middlewares/Third_Party/FatFs/src/drivers/usbh_diskio.o
                0x000000000800cc08                USBH_ioctl
 .text.ff_convert
                0x000000000800ccdc       0x74 ./Middlewares/Third_Party/FatFs/src/option/ccsbcs.o
                0x000000000800ccdc                ff_convert
 .text.ff_wtoupper
                0x000000000800cd50       0x5c ./Middlewares/Third_Party/FatFs/src/option/ccsbcs.o
                0x000000000800cd50                ff_wtoupper
 .text.MX_USB_HOST_Init
                0x000000000800cdac       0x4c ./USB_HOST/App/usb_host.o
                0x000000000800cdac                MX_USB_HOST_Init
 .text.MX_USB_HOST_Process
                0x000000000800cdf8       0x14 ./USB_HOST/App/usb_host.o
                0x000000000800cdf8                MX_USB_HOST_Process
 .text.USBH_UserProcess
                0x000000000800ce0c       0xd8 ./USB_HOST/App/usb_host.o
 .text.HAL_HCD_MspInit
                0x000000000800cee4       0xc4 ./USB_HOST/Target/usbh_conf.o
                0x000000000800cee4                HAL_HCD_MspInit
 .text.HAL_HCD_SOF_Callback
                0x000000000800cfa8       0x1c ./USB_HOST/Target/usbh_conf.o
                0x000000000800cfa8                HAL_HCD_SOF_Callback
 .text.HAL_HCD_Connect_Callback
                0x000000000800cfc4       0x1c ./USB_HOST/Target/usbh_conf.o
                0x000000000800cfc4                HAL_HCD_Connect_Callback
 .text.HAL_HCD_Disconnect_Callback
                0x000000000800cfe0       0x1c ./USB_HOST/Target/usbh_conf.o
                0x000000000800cfe0                HAL_HCD_Disconnect_Callback
 .text.HAL_HCD_HC_NotifyURBChange_Callback
                0x000000000800cffc       0x1a ./USB_HOST/Target/usbh_conf.o
                0x000000000800cffc                HAL_HCD_HC_NotifyURBChange_Callback
 .text.HAL_HCD_PortEnabled_Callback
                0x000000000800d016       0x1c ./USB_HOST/Target/usbh_conf.o
                0x000000000800d016                HAL_HCD_PortEnabled_Callback
 .text.HAL_HCD_PortDisabled_Callback
                0x000000000800d032       0x1c ./USB_HOST/Target/usbh_conf.o
                0x000000000800d032                HAL_HCD_PortDisabled_Callback
 *fill*         0x000000000800d04e        0x2 
 .text.USBH_LL_Init
                0x000000000800d050       0x78 ./USB_HOST/Target/usbh_conf.o
                0x000000000800d050                USBH_LL_Init
 .text.USBH_LL_Start
                0x000000000800d0c8       0x36 ./USB_HOST/Target/usbh_conf.o
                0x000000000800d0c8                USBH_LL_Start
 .text.USBH_LL_Stop
                0x000000000800d0fe       0x36 ./USB_HOST/Target/usbh_conf.o
                0x000000000800d0fe                USBH_LL_Stop
 .text.USBH_LL_GetSpeed
                0x000000000800d134       0x4e ./USB_HOST/Target/usbh_conf.o
                0x000000000800d134                USBH_LL_GetSpeed
 .text.USBH_LL_ResetPort
                0x000000000800d182       0x36 ./USB_HOST/Target/usbh_conf.o
                0x000000000800d182                USBH_LL_ResetPort
 .text.USBH_LL_GetLastXferSize
                0x000000000800d1b8       0x26 ./USB_HOST/Target/usbh_conf.o
                0x000000000800d1b8                USBH_LL_GetLastXferSize
 .text.USBH_LL_OpenPipe
                0x000000000800d1de       0x5e ./USB_HOST/Target/usbh_conf.o
                0x000000000800d1de                USBH_LL_OpenPipe
 .text.USBH_LL_ClosePipe
                0x000000000800d23c       0x3e ./USB_HOST/Target/usbh_conf.o
                0x000000000800d23c                USBH_LL_ClosePipe
 .text.USBH_LL_SubmitURB
                0x000000000800d27a       0x62 ./USB_HOST/Target/usbh_conf.o
                0x000000000800d27a                USBH_LL_SubmitURB
 .text.USBH_LL_GetURBState
                0x000000000800d2dc       0x26 ./USB_HOST/Target/usbh_conf.o
                0x000000000800d2dc                USBH_LL_GetURBState
 .text.USBH_LL_DriverVBUS
                0x000000000800d302       0x2e ./USB_HOST/Target/usbh_conf.o
                0x000000000800d302                USBH_LL_DriverVBUS
 .text.USBH_LL_SetToggle
                0x000000000800d330       0x64 ./USB_HOST/Target/usbh_conf.o
                0x000000000800d330                USBH_LL_SetToggle
 .text.USBH_LL_GetToggle
                0x000000000800d394       0x64 ./USB_HOST/Target/usbh_conf.o
                0x000000000800d394                USBH_LL_GetToggle
 .text.USBH_Delay
                0x000000000800d3f8       0x16 ./USB_HOST/Target/usbh_conf.o
                0x000000000800d3f8                USBH_Delay
 *fill*         0x000000000800d40e        0x2 
 .text.USBH_Get_USB_Status
                0x000000000800d410       0x58 ./USB_HOST/Target/usbh_conf.o
                0x000000000800d410                USBH_Get_USB_Status
 .text.MX_DriverVbusFS
                0x000000000800d468       0x38 ./USB_HOST/Target/usbh_platform.o
                0x000000000800d468                MX_DriverVbusFS
 .text.malloc   0x000000000800d4a0       0x10 C:/ST/STM32CubeIDE_1.13.1/STM32CubeIDE/plugins/com.st.stm32cube.ide.mcu.externaltools.gnu-tools-for-stm32.11.3.rel1.win32_1.1.0.202305231506/tools/bin/../lib/gcc/arm-none-eabi/11.3.1/../../../../arm-none-eabi/lib/thumb/v7-m/nofp\libc_nano.a(libc_a-malloc.o)
                0x000000000800d4a0                malloc
 .text.free     0x000000000800d4b0       0x10 C:/ST/STM32CubeIDE_1.13.1/STM32CubeIDE/plugins/com.st.stm32cube.ide.mcu.externaltools.gnu-tools-for-stm32.11.3.rel1.win32_1.1.0.202305231506/tools/bin/../lib/gcc/arm-none-eabi/11.3.1/../../../../arm-none-eabi/lib/thumb/v7-m/nofp\libc_nano.a(libc_a-malloc.o)
                0x000000000800d4b0                free
 .text.sbrk_aligned
                0x000000000800d4c0       0x40 C:/ST/STM32CubeIDE_1.13.1/STM32CubeIDE/plugins/com.st.stm32cube.ide.mcu.externaltools.gnu-tools-for-stm32.11.3.rel1.win32_1.1.0.202305231506/tools/bin/../lib/gcc/arm-none-eabi/11.3.1/../../../../arm-none-eabi/lib/thumb/v7-m/nofp\libc_nano.a(libc_a-mallocr.o)
 .text._malloc_r
                0x000000000800d500      0x100 C:/ST/STM32CubeIDE_1.13.1/STM32CubeIDE/plugins/com.st.stm32cube.ide.mcu.externaltools.gnu-tools-for-stm32.11.3.rel1.win32_1.1.0.202305231506/tools/bin/../lib/gcc/arm-none-eabi/11.3.1/../../../../arm-none-eabi/lib/thumb/v7-m/nofp\libc_nano.a(libc_a-mallocr.o)
                0x000000000800d500                _malloc_r
 .text.__malloc_lock
                0x000000000800d600        0xc C:/ST/STM32CubeIDE_1.13.1/STM32CubeIDE/plugins/com.st.stm32cube.ide.mcu.externaltools.gnu-tools-for-stm32.11.3.rel1.win32_1.1.0.202305231506/tools/bin/../lib/gcc/arm-none-eabi/11.3.1/../../../../arm-none-eabi/lib/thumb/v7-m/nofp\libc_nano.a(libc_a-mlock.o)
                0x000000000800d600                __malloc_lock
 .text.__malloc_unlock
                0x000000000800d60c        0xc C:/ST/STM32CubeIDE_1.13.1/STM32CubeIDE/plugins/com.st.stm32cube.ide.mcu.externaltools.gnu-tools-for-stm32.11.3.rel1.win32_1.1.0.202305231506/tools/bin/../lib/gcc/arm-none-eabi/11.3.1/../../../../arm-none-eabi/lib/thumb/v7-m/nofp\libc_nano.a(libc_a-mlock.o)
                0x000000000800d60c                __malloc_unlock
 .text.sprintf  0x000000000800d618       0x40 C:/ST/STM32CubeIDE_1.13.1/STM32CubeIDE/plugins/com.st.stm32cube.ide.mcu.externaltools.gnu-tools-for-stm32.11.3.rel1.win32_1.1.0.202305231506/tools/bin/../lib/gcc/arm-none-eabi/11.3.1/../../../../arm-none-eabi/lib/thumb/v7-m/nofp\libc_nano.a(libc_a-sprintf.o)
                0x000000000800d618                siprintf
                0x000000000800d618                sprintf
 .text.memset   0x000000000800d658       0x10 C:/ST/STM32CubeIDE_1.13.1/STM32CubeIDE/plugins/com.st.stm32cube.ide.mcu.externaltools.gnu-tools-for-stm32.11.3.rel1.win32_1.1.0.202305231506/tools/bin/../lib/gcc/arm-none-eabi/11.3.1/../../../../arm-none-eabi/lib/thumb/v7-m/nofp\libc_nano.a(libc_a-memset.o)
                0x000000000800d658                memset
 .text._sbrk_r  0x000000000800d668       0x20 C:/ST/STM32CubeIDE_1.13.1/STM32CubeIDE/plugins/com.st.stm32cube.ide.mcu.externaltools.gnu-tools-for-stm32.11.3.rel1.win32_1.1.0.202305231506/tools/bin/../lib/gcc/arm-none-eabi/11.3.1/../../../../arm-none-eabi/lib/thumb/v7-m/nofp\libc_nano.a(libc_a-sbrkr.o)
                0x000000000800d668                _sbrk_r
 .text.__errno  0x000000000800d688        0xc C:/ST/STM32CubeIDE_1.13.1/STM32CubeIDE/plugins/com.st.stm32cube.ide.mcu.externaltools.gnu-tools-for-stm32.11.3.rel1.win32_1.1.0.202305231506/tools/bin/../lib/gcc/arm-none-eabi/11.3.1/../../../../arm-none-eabi/lib/thumb/v7-m/nofp\libc_nano.a(libc_a-errno.o)
                0x000000000800d688                __errno
 .text.__libc_init_array
                0x000000000800d694       0x48 C:/ST/STM32CubeIDE_1.13.1/STM32CubeIDE/plugins/com.st.stm32cube.ide.mcu.externaltools.gnu-tools-for-stm32.11.3.rel1.win32_1.1.0.202305231506/tools/bin/../lib/gcc/arm-none-eabi/11.3.1/../../../../arm-none-eabi/lib/thumb/v7-m/nofp\libc_nano.a(libc_a-init.o)
                0x000000000800d694                __libc_init_array
 .text.__retarget_lock_acquire_recursive
                0x000000000800d6dc        0x2 C:/ST/STM32CubeIDE_1.13.1/STM32CubeIDE/plugins/com.st.stm32cube.ide.mcu.externaltools.gnu-tools-for-stm32.11.3.rel1.win32_1.1.0.202305231506/tools/bin/../lib/gcc/arm-none-eabi/11.3.1/../../../../arm-none-eabi/lib/thumb/v7-m/nofp\libc_nano.a(libc_a-lock.o)
                0x000000000800d6dc                __retarget_lock_acquire_recursive
 .text.__retarget_lock_release_recursive
                0x000000000800d6de        0x2 C:/ST/STM32CubeIDE_1.13.1/STM32CubeIDE/plugins/com.st.stm32cube.ide.mcu.externaltools.gnu-tools-for-stm32.11.3.rel1.win32_1.1.0.202305231506/tools/bin/../lib/gcc/arm-none-eabi/11.3.1/../../../../arm-none-eabi/lib/thumb/v7-m/nofp\libc_nano.a(libc_a-lock.o)
                0x000000000800d6de                __retarget_lock_release_recursive
 .text.memcpy   0x000000000800d6e0       0x1c C:/ST/STM32CubeIDE_1.13.1/STM32CubeIDE/plugins/com.st.stm32cube.ide.mcu.externaltools.gnu-tools-for-stm32.11.3.rel1.win32_1.1.0.202305231506/tools/bin/../lib/gcc/arm-none-eabi/11.3.1/../../../../arm-none-eabi/lib/thumb/v7-m/nofp\libc_nano.a(libc_a-memcpy-stub.o)
                0x000000000800d6e0                memcpy
 .text._free_r  0x000000000800d6fc       0x90 C:/ST/STM32CubeIDE_1.13.1/STM32CubeIDE/plugins/com.st.stm32cube.ide.mcu.externaltools.gnu-tools-for-stm32.11.3.rel1.win32_1.1.0.202305231506/tools/bin/../lib/gcc/arm-none-eabi/11.3.1/../../../../arm-none-eabi/lib/thumb/v7-m/nofp\libc_nano.a(libc_a-freer.o)
                0x000000000800d6fc                _free_r
 .text.__ssputs_r
                0x000000000800d78c       0xb4 C:/ST/STM32CubeIDE_1.13.1/STM32CubeIDE/plugins/com.st.stm32cube.ide.mcu.externaltools.gnu-tools-for-stm32.11.3.rel1.win32_1.1.0.202305231506/tools/bin/../lib/gcc/arm-none-eabi/11.3.1/../../../../arm-none-eabi/lib/thumb/v7-m/nofp\libc_nano.a(libc_a-nano-svfprintf.o)
                0x000000000800d78c                __ssputs_r
 .text._svfprintf_r
                0x000000000800d840      0x1fc C:/ST/STM32CubeIDE_1.13.1/STM32CubeIDE/plugins/com.st.stm32cube.ide.mcu.externaltools.gnu-tools-for-stm32.11.3.rel1.win32_1.1.0.202305231506/tools/bin/../lib/gcc/arm-none-eabi/11.3.1/../../../../arm-none-eabi/lib/thumb/v7-m/nofp\libc_nano.a(libc_a-nano-svfprintf.o)
                0x000000000800d840                _svfiprintf_r
                0x000000000800d840                _svfprintf_r
 .text._printf_common
                0x000000000800da3c       0xe4 C:/ST/STM32CubeIDE_1.13.1/STM32CubeIDE/plugins/com.st.stm32cube.ide.mcu.externaltools.gnu-tools-for-stm32.11.3.rel1.win32_1.1.0.202305231506/tools/bin/../lib/gcc/arm-none-eabi/11.3.1/../../../../arm-none-eabi/lib/thumb/v7-m/nofp\libc_nano.a(libc_a-nano-vfprintf_i.o)
                0x000000000800da3c                _printf_common
 .text._printf_i
                0x000000000800db20      0x244 C:/ST/STM32CubeIDE_1.13.1/STM32CubeIDE/plugins/com.st.stm32cube.ide.mcu.externaltools.gnu-tools-for-stm32.11.3.rel1.win32_1.1.0.202305231506/tools/bin/../lib/gcc/arm-none-eabi/11.3.1/../../../../arm-none-eabi/lib/thumb/v7-m/nofp\libc_nano.a(libc_a-nano-vfprintf_i.o)
                0x000000000800db20                _printf_i
 .text.memmove  0x000000000800dd64       0x34 C:/ST/STM32CubeIDE_1.13.1/STM32CubeIDE/plugins/com.st.stm32cube.ide.mcu.externaltools.gnu-tools-for-stm32.11.3.rel1.win32_1.1.0.202305231506/tools/bin/../lib/gcc/arm-none-eabi/11.3.1/../../../../arm-none-eabi/lib/thumb/v7-m/nofp\libc_nano.a(libc_a-memmove.o)
                0x000000000800dd64                memmove
 .text.memchr   0x000000000800dd98       0x1c C:/ST/STM32CubeIDE_1.13.1/STM32CubeIDE/plugins/com.st.stm32cube.ide.mcu.externaltools.gnu-tools-for-stm32.11.3.rel1.win32_1.1.0.202305231506/tools/bin/../lib/gcc/arm-none-eabi/11.3.1/../../../../arm-none-eabi/lib/thumb/v7-m/nofp\libc_nano.a(libc_a-memchr-stub.o)
                0x000000000800dd98                memchr
 .text._realloc_r
                0x000000000800ddb4       0x5e C:/ST/STM32CubeIDE_1.13.1/STM32CubeIDE/plugins/com.st.stm32cube.ide.mcu.externaltools.gnu-tools-for-stm32.11.3.rel1.win32_1.1.0.202305231506/tools/bin/../lib/gcc/arm-none-eabi/11.3.1/../../../../arm-none-eabi/lib/thumb/v7-m/nofp\libc_nano.a(libc_a-reallocr.o)
                0x000000000800ddb4                _realloc_r
 .text._malloc_usable_size_r
                0x000000000800de12       0x10 C:/ST/STM32CubeIDE_1.13.1/STM32CubeIDE/plugins/com.st.stm32cube.ide.mcu.externaltools.gnu-tools-for-stm32.11.3.rel1.win32_1.1.0.202305231506/tools/bin/../lib/gcc/arm-none-eabi/11.3.1/../../../../arm-none-eabi/lib/thumb/v7-m/nofp\libc_nano.a(libc_a-msizer.o)
                0x000000000800de12                _malloc_usable_size_r
 *(.glue_7)
 .glue_7        0x000000000800de22        0x0 linker stubs
 *(.glue_7t)
 .glue_7t       0x000000000800de22        0x0 linker stubs
 *(.eh_frame)
 *fill*         0x000000000800de22        0x2 
 .eh_frame      0x000000000800de24        0x0 C:/ST/STM32CubeIDE_1.13.1/STM32CubeIDE/plugins/com.st.stm32cube.ide.mcu.externaltools.gnu-tools-for-stm32.11.3.rel1.win32_1.1.0.202305231506/tools/bin/../lib/gcc/arm-none-eabi/11.3.1/thumb/v7-m/nofp/crtbegin.o
 *(.init)
 .init          0x000000000800de24        0x4 C:/ST/STM32CubeIDE_1.13.1/STM32CubeIDE/plugins/com.st.stm32cube.ide.mcu.externaltools.gnu-tools-for-stm32.11.3.rel1.win32_1.1.0.202305231506/tools/bin/../lib/gcc/arm-none-eabi/11.3.1/thumb/v7-m/nofp/crti.o
                0x000000000800de24                _init
 .init          0x000000000800de28        0x8 C:/ST/STM32CubeIDE_1.13.1/STM32CubeIDE/plugins/com.st.stm32cube.ide.mcu.externaltools.gnu-tools-for-stm32.11.3.rel1.win32_1.1.0.202305231506/tools/bin/../lib/gcc/arm-none-eabi/11.3.1/thumb/v7-m/nofp/crtn.o
 *(.fini)
 .fini          0x000000000800de30        0x4 C:/ST/STM32CubeIDE_1.13.1/STM32CubeIDE/plugins/com.st.stm32cube.ide.mcu.externaltools.gnu-tools-for-stm32.11.3.rel1.win32_1.1.0.202305231506/tools/bin/../lib/gcc/arm-none-eabi/11.3.1/thumb/v7-m/nofp/crti.o
                0x000000000800de30                _fini
 .fini          0x000000000800de34        0x8 C:/ST/STM32CubeIDE_1.13.1/STM32CubeIDE/plugins/com.st.stm32cube.ide.mcu.externaltools.gnu-tools-for-stm32.11.3.rel1.win32_1.1.0.202305231506/tools/bin/../lib/gcc/arm-none-eabi/11.3.1/thumb/v7-m/nofp/crtn.o
                0x000000000800de3c                . = ALIGN (0x4)
                0x000000000800de3c                _etext = .

.vfp11_veneer   0x000000000800de3c        0x0
 .vfp11_veneer  0x000000000800de3c        0x0 linker stubs

.v4_bx          0x000000000800de3c        0x0
 .v4_bx         0x000000000800de3c        0x0 linker stubs

.iplt           0x000000000800de3c        0x0
 .iplt          0x000000000800de3c        0x0 C:/ST/STM32CubeIDE_1.13.1/STM32CubeIDE/plugins/com.st.stm32cube.ide.mcu.externaltools.gnu-tools-for-stm32.11.3.rel1.win32_1.1.0.202305231506/tools/bin/../lib/gcc/arm-none-eabi/11.3.1/thumb/v7-m/nofp/crtbegin.o

.rodata         0x000000000800de3c      0xb68
                0x000000000800de3c                . = ALIGN (0x4)
 *(.rodata)
 .rodata        0x000000000800de3c      0x42a ./Core/Src/File_Handling.o
 *fill*         0x000000000800e266        0x2 
 .rodata        0x000000000800e268        0x4 ./Middlewares/ST/STM32_USB_Host_Library/Class/MSC/Src/usbh_msc.o
 .rodata        0x000000000800e26c       0x48 ./Middlewares/Third_Party/FatFs/src/ff.o
 .rodata        0x000000000800e2b4      0x147 ./USB_HOST/App/usb_host.o
 *(.rodata*)
 *fill*         0x000000000800e3fb        0x1 
 .rodata.AHBPrescTable
                0x000000000800e3fc       0x10 ./Core/Src/system_stm32f2xx.o
                0x000000000800e3fc                AHBPrescTable
 .rodata.ExCvt  0x000000000800e40c       0x80 ./Middlewares/Third_Party/FatFs/src/ff.o
 .rodata.LfnOfs
                0x000000000800e48c        0xd ./Middlewares/Third_Party/FatFs/src/ff.o
 *fill*         0x000000000800e499        0x3 
 .rodata.USBH_Driver
                0x000000000800e49c       0x14 ./Middlewares/Third_Party/FatFs/src/drivers/usbh_diskio.o
                0x000000000800e49c                USBH_Driver
 .rodata.Tbl    0x000000000800e4b0      0x100 ./Middlewares/Third_Party/FatFs/src/option/ccsbcs.o
 .rodata.tbl_lower.1
                0x000000000800e5b0      0x1e0 ./Middlewares/Third_Party/FatFs/src/option/ccsbcs.o
 .rodata.tbl_upper.0
                0x000000000800e790      0x1e0 ./Middlewares/Third_Party/FatFs/src/option/ccsbcs.o
 .rodata._svfprintf_r.str1.1
                0x000000000800e970       0x11 C:/ST/STM32CubeIDE_1.13.1/STM32CubeIDE/plugins/com.st.stm32cube.ide.mcu.externaltools.gnu-tools-for-stm32.11.3.rel1.win32_1.1.0.202305231506/tools/bin/../lib/gcc/arm-none-eabi/11.3.1/../../../../arm-none-eabi/lib/thumb/v7-m/nofp\libc_nano.a(libc_a-nano-svfprintf.o)
 .rodata._printf_i.str1.1
                0x000000000800e981       0x22 C:/ST/STM32CubeIDE_1.13.1/STM32CubeIDE/plugins/com.st.stm32cube.ide.mcu.externaltools.gnu-tools-for-stm32.11.3.rel1.win32_1.1.0.202305231506/tools/bin/../lib/gcc/arm-none-eabi/11.3.1/../../../../arm-none-eabi/lib/thumb/v7-m/nofp\libc_nano.a(libc_a-nano-vfprintf_i.o)
                0x000000000800e9a4                . = ALIGN (0x4)
 *fill*         0x000000000800e9a3        0x1 

.ARM.extab      0x000000000800e9a4        0x0
                0x000000000800e9a4                . = ALIGN (0x4)
 *(.ARM.extab* .gnu.linkonce.armextab.*)
                0x000000000800e9a4                . = ALIGN (0x4)

.ARM            0x000000000800e9a4        0x8
                0x000000000800e9a4                . = ALIGN (0x4)
                0x000000000800e9a4                __exidx_start = .
 *(.ARM.exidx*)
 .ARM.exidx     0x000000000800e9a4        0x8 C:/ST/STM32CubeIDE_1.13.1/STM32CubeIDE/plugins/com.st.stm32cube.ide.mcu.externaltools.gnu-tools-for-stm32.11.3.rel1.win32_1.1.0.202305231506/tools/bin/../lib/gcc/arm-none-eabi/11.3.1/thumb/v7-m/nofp\libgcc.a(_udivmoddi4.o)
                0x000000000800e9ac                __exidx_end = .
                0x000000000800e9ac                . = ALIGN (0x4)

.rel.dyn        0x000000000800e9ac        0x0
 .rel.iplt      0x000000000800e9ac        0x0 C:/ST/STM32CubeIDE_1.13.1/STM32CubeIDE/plugins/com.st.stm32cube.ide.mcu.externaltools.gnu-tools-for-stm32.11.3.rel1.win32_1.1.0.202305231506/tools/bin/../lib/gcc/arm-none-eabi/11.3.1/thumb/v7-m/nofp/crtbegin.o

.preinit_array  0x000000000800e9ac        0x0
                0x000000000800e9ac                . = ALIGN (0x4)
                0x000000000800e9ac                PROVIDE (__preinit_array_start = .)
 *(.preinit_array*)
                0x000000000800e9ac                PROVIDE (__preinit_array_end = .)
                0x000000000800e9ac                . = ALIGN (0x4)

.init_array     0x000000000800e9ac        0x4
                0x000000000800e9ac                . = ALIGN (0x4)
                0x000000000800e9ac                PROVIDE (__init_array_start = .)
 *(SORT_BY_NAME(.init_array.*))
 *(.init_array*)
 .init_array    0x000000000800e9ac        0x4 C:/ST/STM32CubeIDE_1.13.1/STM32CubeIDE/plugins/com.st.stm32cube.ide.mcu.externaltools.gnu-tools-for-stm32.11.3.rel1.win32_1.1.0.202305231506/tools/bin/../lib/gcc/arm-none-eabi/11.3.1/thumb/v7-m/nofp/crtbegin.o
                0x000000000800e9b0                PROVIDE (__init_array_end = .)
                0x000000000800e9b0                . = ALIGN (0x4)

.fini_array     0x000000000800e9b0        0x4
                0x000000000800e9b0                . = ALIGN (0x4)
                [!provide]                        PROVIDE (__fini_array_start = .)
 *(SORT_BY_NAME(.fini_array.*))
 *(.fini_array*)
 .fini_array    0x000000000800e9b0        0x4 C:/ST/STM32CubeIDE_1.13.1/STM32CubeIDE/plugins/com.st.stm32cube.ide.mcu.externaltools.gnu-tools-for-stm32.11.3.rel1.win32_1.1.0.202305231506/tools/bin/../lib/gcc/arm-none-eabi/11.3.1/thumb/v7-m/nofp/crtbegin.o
                [!provide]                        PROVIDE (__fini_array_end = .)
                0x000000000800e9b4                . = ALIGN (0x4)
                0x000000000800e9b4                _sidata = LOADADDR (.data)

.data           0x0000000020000000       0x7c load address 0x000000000800e9b4
                0x0000000020000000                . = ALIGN (0x4)
                0x0000000020000000                _sdata = .
 *(.data)
 *(.data*)
 .data.SystemCoreClock
                0x0000000020000000        0x4 ./Core/Src/system_stm32f2xx.o
                0x0000000020000000                SystemCoreClock
 .data.uwTickPrio
                0x0000000020000004        0x4 ./Drivers/STM32F2xx_HAL_Driver/Src/stm32f2xx_hal.o
                0x0000000020000004                uwTickPrio
 .data.uwTickFreq
                0x0000000020000008        0x1 ./Drivers/STM32F2xx_HAL_Driver/Src/stm32f2xx_hal.o
                0x0000000020000008                uwTickFreq
 *fill*         0x0000000020000009        0x3 
 .data.USBH_msc
                0x000000002000000c       0x20 ./Middlewares/ST/STM32_USB_Host_Library/Class/MSC/Src/usbh_msc.o
                0x000000002000000c                USBH_msc
 .data._impure_data
                0x000000002000002c       0x4c C:/ST/STM32CubeIDE_1.13.1/STM32CubeIDE/plugins/com.st.stm32cube.ide.mcu.externaltools.gnu-tools-for-stm32.11.3.rel1.win32_1.1.0.202305231506/tools/bin/../lib/gcc/arm-none-eabi/11.3.1/../../../../arm-none-eabi/lib/thumb/v7-m/nofp\libc_nano.a(libc_a-impure.o)
                0x000000002000002c                _impure_data
 .data._impure_ptr
                0x0000000020000078        0x4 C:/ST/STM32CubeIDE_1.13.1/STM32CubeIDE/plugins/com.st.stm32cube.ide.mcu.externaltools.gnu-tools-for-stm32.11.3.rel1.win32_1.1.0.202305231506/tools/bin/../lib/gcc/arm-none-eabi/11.3.1/../../../../arm-none-eabi/lib/thumb/v7-m/nofp\libc_nano.a(libc_a-impure.o)
                0x0000000020000078                _impure_ptr
 *(.RamFunc)
 *(.RamFunc*)
                0x000000002000007c                . = ALIGN (0x4)
                0x000000002000007c                _edata = .

.igot.plt       0x000000002000007c        0x0 load address 0x000000000800ea30
 .igot.plt      0x000000002000007c        0x0 C:/ST/STM32CubeIDE_1.13.1/STM32CubeIDE/plugins/com.st.stm32cube.ide.mcu.externaltools.gnu-tools-for-stm32.11.3.rel1.win32_1.1.0.202305231506/tools/bin/../lib/gcc/arm-none-eabi/11.3.1/thumb/v7-m/nofp/crtbegin.o
                0x000000002000007c                . = ALIGN (0x4)

.bss            0x000000002000007c     0x2be8 load address 0x000000000800ea30
                0x000000002000007c                _sbss = .
                0x000000002000007c                __bss_start__ = _sbss
 *(.bss)
 .bss           0x000000002000007c       0x1c C:/ST/STM32CubeIDE_1.13.1/STM32CubeIDE/plugins/com.st.stm32cube.ide.mcu.externaltools.gnu-tools-for-stm32.11.3.rel1.win32_1.1.0.202305231506/tools/bin/../lib/gcc/arm-none-eabi/11.3.1/thumb/v7-m/nofp/crtbegin.o
 *(.bss*)
 .bss.USBHfno   0x0000000020000098       0x20 ./Core/Src/File_Handling.o
                0x0000000020000098                USBHfno
 .bss.fresult   0x00000000200000b8        0x1 ./Core/Src/File_Handling.o
                0x00000000200000b8                fresult
 *fill*         0x00000000200000b9        0x3 
 .bss.bw        0x00000000200000bc        0x4 ./Core/Src/File_Handling.o
                0x00000000200000bc                bw
 .bss.pUSBHFatFS
                0x00000000200000c0        0x4 ./Core/Src/File_Handling.o
                0x00000000200000c0                pUSBHFatFS
 .bss.fre_clust
                0x00000000200000c4        0x4 ./Core/Src/File_Handling.o
                0x00000000200000c4                fre_clust
 .bss.total     0x00000000200000c8        0x4 ./Core/Src/File_Handling.o
                0x00000000200000c8                total
 .bss.free_space
                0x00000000200000cc        0x4 ./Core/Src/File_Handling.o
                0x00000000200000cc                free_space
 .bss.__sbrk_heap_end
                0x00000000200000d0        0x4 ./Core/Src/sysmem.o
 .bss.uwTick    0x00000000200000d4        0x4 ./Drivers/STM32F2xx_HAL_Driver/Src/stm32f2xx_hal.o
                0x00000000200000d4                uwTick
 .bss.retUSBH   0x00000000200000d8        0x1 ./FATFS/App/fatfs.o
                0x00000000200000d8                retUSBH
 *fill*         0x00000000200000d9        0x3 
 .bss.USBHPath  0x00000000200000dc        0x4 ./FATFS/App/fatfs.o
                0x00000000200000dc                USBHPath
 .bss.USBHFatFS
                0x00000000200000e0     0x1030 ./FATFS/App/fatfs.o
                0x00000000200000e0                USBHFatFS
 .bss.USBHFile  0x0000000020001110     0x102c ./FATFS/App/fatfs.o
                0x0000000020001110                USBHFile
 .bss.FatFs     0x000000002000213c        0x4 ./Middlewares/Third_Party/FatFs/src/ff.o
 .bss.Fsid      0x0000000020002140        0x2 ./Middlewares/Third_Party/FatFs/src/ff.o
 *fill*         0x0000000020002142        0x2 
 .bss.Files     0x0000000020002144       0x18 ./Middlewares/Third_Party/FatFs/src/ff.o
 .bss.LfnBuf    0x000000002000215c      0x200 ./Middlewares/Third_Party/FatFs/src/ff.o
 .bss.disk      0x000000002000235c        0xc ./Middlewares/Third_Party/FatFs/src/ff_gen_drv.o
                0x000000002000235c                disk
 .bss.hUsbHostFS
                0x0000000020002368      0x3d0 ./USB_HOST/App/usb_host.o
                0x0000000020002368                hUsbHostFS
 .bss.Appli_state
                0x0000000020002738        0x1 ./USB_HOST/App/usb_host.o
                0x0000000020002738                Appli_state
 *fill*         0x0000000020002739        0x3 
 .bss.hhcd_USB_OTG_FS
                0x000000002000273c      0x3e0 ./USB_HOST/Target/usbh_conf.o
                0x000000002000273c                hhcd_USB_OTG_FS
 .bss.__malloc_free_list
                0x0000000020002b1c        0x4 C:/ST/STM32CubeIDE_1.13.1/STM32CubeIDE/plugins/com.st.stm32cube.ide.mcu.externaltools.gnu-tools-for-stm32.11.3.rel1.win32_1.1.0.202305231506/tools/bin/../lib/gcc/arm-none-eabi/11.3.1/../../../../arm-none-eabi/lib/thumb/v7-m/nofp\libc_nano.a(libc_a-mallocr.o)
                0x0000000020002b1c                __malloc_free_list
 .bss.__malloc_sbrk_start
                0x0000000020002b20        0x4 C:/ST/STM32CubeIDE_1.13.1/STM32CubeIDE/plugins/com.st.stm32cube.ide.mcu.externaltools.gnu-tools-for-stm32.11.3.rel1.win32_1.1.0.202305231506/tools/bin/../lib/gcc/arm-none-eabi/11.3.1/../../../../arm-none-eabi/lib/thumb/v7-m/nofp\libc_nano.a(libc_a-mallocr.o)
                0x0000000020002b20                __malloc_sbrk_start
 .bss.__sf      0x0000000020002b24      0x138 C:/ST/STM32CubeIDE_1.13.1/STM32CubeIDE/plugins/com.st.stm32cube.ide.mcu.externaltools.gnu-tools-for-stm32.11.3.rel1.win32_1.1.0.202305231506/tools/bin/../lib/gcc/arm-none-eabi/11.3.1/../../../../arm-none-eabi/lib/thumb/v7-m/nofp\libc_nano.a(libc_a-findfp.o)
                0x0000000020002b24                __sf
 .bss.errno     0x0000000020002c5c        0x4 C:/ST/STM32CubeIDE_1.13.1/STM32CubeIDE/plugins/com.st.stm32cube.ide.mcu.externaltools.gnu-tools-for-stm32.11.3.rel1.win32_1.1.0.202305231506/tools/bin/../lib/gcc/arm-none-eabi/11.3.1/../../../../arm-none-eabi/lib/thumb/v7-m/nofp\libc_nano.a(libc_a-reent.o)
                0x0000000020002c5c                errno
 .bss.__lock___malloc_recursive_mutex
                0x0000000020002c60        0x1 C:/ST/STM32CubeIDE_1.13.1/STM32CubeIDE/plugins/com.st.stm32cube.ide.mcu.externaltools.gnu-tools-for-stm32.11.3.rel1.win32_1.1.0.202305231506/tools/bin/../lib/gcc/arm-none-eabi/11.3.1/../../../../arm-none-eabi/lib/thumb/v7-m/nofp\libc_nano.a(libc_a-lock.o)
                0x0000000020002c60                __lock___malloc_recursive_mutex
 *(COMMON)
                0x0000000020002c64                . = ALIGN (0x4)
 *fill*         0x0000000020002c61        0x3 
                0x0000000020002c64                _ebss = .
                0x0000000020002c64                __bss_end__ = _ebss

._user_heap_stack
                0x0000000020002c64      0x604 load address 0x000000000800ea30
                0x0000000020002c68                . = ALIGN (0x8)
 *fill*         0x0000000020002c64        0x4 
                [!provide]                        PROVIDE (end = .)
                0x0000000020002c68                PROVIDE (_end = .)
                0x0000000020002e68                . = (. + _Min_Heap_Size)
 *fill*         0x0000000020002c68      0x200 
                0x0000000020003268                . = (. + _Min_Stack_Size)
 *fill*         0x0000000020002e68      0x400 
                0x0000000020003268                . = ALIGN (0x8)

/DISCARD/
 libc.a(*)
 libm.a(*)
 libgcc.a(*)

.ARM.attributes
                0x0000000000000000       0x29
 *(.ARM.attributes)
 .ARM.attributes
                0x0000000000000000       0x1d C:/ST/STM32CubeIDE_1.13.1/STM32CubeIDE/plugins/com.st.stm32cube.ide.mcu.externaltools.gnu-tools-for-stm32.11.3.rel1.win32_1.1.0.202305231506/tools/bin/../lib/gcc/arm-none-eabi/11.3.1/thumb/v7-m/nofp/crti.o
 .ARM.attributes
                0x000000000000001d       0x2d C:/ST/STM32CubeIDE_1.13.1/STM32CubeIDE/plugins/com.st.stm32cube.ide.mcu.externaltools.gnu-tools-for-stm32.11.3.rel1.win32_1.1.0.202305231506/tools/bin/../lib/gcc/arm-none-eabi/11.3.1/thumb/v7-m/nofp/crtbegin.o
 .ARM.attributes
                0x000000000000004a       0x2d ./Core/Src/File_Handling.o
 .ARM.attributes
                0x0000000000000077       0x2d ./Core/Src/main.o
 .ARM.attributes
                0x00000000000000a4       0x2d ./Core/Src/stm32f2xx_hal_msp.o
 .ARM.attributes
                0x00000000000000d1       0x2d ./Core/Src/stm32f2xx_it.o
 .ARM.attributes
                0x00000000000000fe       0x2d ./Core/Src/sysmem.o
 .ARM.attributes
                0x000000000000012b       0x2d ./Core/Src/system_stm32f2xx.o
 .ARM.attributes
                0x0000000000000158       0x21 ./Core/Startup/startup_stm32f207zgtx.o
 .ARM.attributes
                0x0000000000000179       0x2d ./Drivers/STM32F2xx_HAL_Driver/Src/stm32f2xx_hal.o
 .ARM.attributes
                0x00000000000001a6       0x2d ./Drivers/STM32F2xx_HAL_Driver/Src/stm32f2xx_hal_cortex.o
 .ARM.attributes
                0x00000000000001d3       0x2d ./Drivers/STM32F2xx_HAL_Driver/Src/stm32f2xx_hal_gpio.o
 .ARM.attributes
                0x0000000000000200       0x2d ./Drivers/STM32F2xx_HAL_Driver/Src/stm32f2xx_hal_hcd.o
 .ARM.attributes
                0x000000000000022d       0x2d ./Drivers/STM32F2xx_HAL_Driver/Src/stm32f2xx_hal_rcc.o
 .ARM.attributes
                0x000000000000025a       0x2d ./Drivers/STM32F2xx_HAL_Driver/Src/stm32f2xx_ll_usb.o
 .ARM.attributes
                0x0000000000000287       0x2d ./FATFS/App/fatfs.o
 .ARM.attributes
                0x00000000000002b4       0x2d ./Middlewares/ST/STM32_USB_Host_Library/Class/MSC/Src/usbh_msc.o
 .ARM.attributes
                0x00000000000002e1       0x2d ./Middlewares/ST/STM32_USB_Host_Library/Class/MSC/Src/usbh_msc_bot.o
 .ARM.attributes
                0x000000000000030e       0x2d ./Middlewares/ST/STM32_USB_Host_Library/Class/MSC/Src/usbh_msc_scsi.o
 .ARM.attributes
                0x000000000000033b       0x2d ./Middlewares/ST/STM32_USB_Host_Library/Core/Src/usbh_core.o
 .ARM.attributes
                0x0000000000000368       0x2d ./Middlewares/ST/STM32_USB_Host_Library/Core/Src/usbh_ctlreq.o
 .ARM.attributes
                0x0000000000000395       0x2d ./Middlewares/ST/STM32_USB_Host_Library/Core/Src/usbh_ioreq.o
 .ARM.attributes
                0x00000000000003c2       0x2d ./Middlewares/ST/STM32_USB_Host_Library/Core/Src/usbh_pipes.o
 .ARM.attributes
                0x00000000000003ef       0x2d ./Middlewares/Third_Party/FatFs/src/diskio.o
 .ARM.attributes
                0x000000000000041c       0x2d ./Middlewares/Third_Party/FatFs/src/ff.o
 .ARM.attributes
                0x0000000000000449       0x2d ./Middlewares/Third_Party/FatFs/src/ff_gen_drv.o
 .ARM.attributes
                0x0000000000000476       0x2d ./Middlewares/Third_Party/FatFs/src/drivers/usbh_diskio.o
 .ARM.attributes
                0x00000000000004a3       0x2d ./Middlewares/Third_Party/FatFs/src/option/ccsbcs.o
 .ARM.attributes
                0x00000000000004d0       0x2d ./USB_HOST/App/usb_host.o
 .ARM.attributes
                0x00000000000004fd       0x2d ./USB_HOST/Target/usbh_conf.o
 .ARM.attributes
                0x000000000000052a       0x2d ./USB_HOST/Target/usbh_platform.o
 .ARM.attributes
                0x0000000000000557       0x2d C:/ST/STM32CubeIDE_1.13.1/STM32CubeIDE/plugins/com.st.stm32cube.ide.mcu.externaltools.gnu-tools-for-stm32.11.3.rel1.win32_1.1.0.202305231506/tools/bin/../lib/gcc/arm-none-eabi/11.3.1/../../../../arm-none-eabi/lib/thumb/v7-m/nofp\libc_nano.a(libc_a-malloc.o)
 .ARM.attributes
                0x0000000000000584       0x2d C:/ST/STM32CubeIDE_1.13.1/STM32CubeIDE/plugins/com.st.stm32cube.ide.mcu.externaltools.gnu-tools-for-stm32.11.3.rel1.win32_1.1.0.202305231506/tools/bin/../lib/gcc/arm-none-eabi/11.3.1/../../../../arm-none-eabi/lib/thumb/v7-m/nofp\libc_nano.a(libc_a-mallocr.o)
 .ARM.attributes
                0x00000000000005b1       0x2d C:/ST/STM32CubeIDE_1.13.1/STM32CubeIDE/plugins/com.st.stm32cube.ide.mcu.externaltools.gnu-tools-for-stm32.11.3.rel1.win32_1.1.0.202305231506/tools/bin/../lib/gcc/arm-none-eabi/11.3.1/../../../../arm-none-eabi/lib/thumb/v7-m/nofp\libc_nano.a(libc_a-mlock.o)
 .ARM.attributes
                0x00000000000005de       0x2d C:/ST/STM32CubeIDE_1.13.1/STM32CubeIDE/plugins/com.st.stm32cube.ide.mcu.externaltools.gnu-tools-for-stm32.11.3.rel1.win32_1.1.0.202305231506/tools/bin/../lib/gcc/arm-none-eabi/11.3.1/../../../../arm-none-eabi/lib/thumb/v7-m/nofp\libc_nano.a(libc_a-findfp.o)
 .ARM.attributes
                0x000000000000060b       0x2d C:/ST/STM32CubeIDE_1.13.1/STM32CubeIDE/plugins/com.st.stm32cube.ide.mcu.externaltools.gnu-tools-for-stm32.11.3.rel1.win32_1.1.0.202305231506/tools/bin/../lib/gcc/arm-none-eabi/11.3.1/../../../../arm-none-eabi/lib/thumb/v7-m/nofp\libc_nano.a(libc_a-sprintf.o)
 .ARM.attributes
                0x0000000000000638       0x2d C:/ST/STM32CubeIDE_1.13.1/STM32CubeIDE/plugins/com.st.stm32cube.ide.mcu.externaltools.gnu-tools-for-stm32.11.3.rel1.win32_1.1.0.202305231506/tools/bin/../lib/gcc/arm-none-eabi/11.3.1/../../../../arm-none-eabi/lib/thumb/v7-m/nofp\libc_nano.a(libc_a-memset.o)
 .ARM.attributes
                0x0000000000000665       0x2d C:/ST/STM32CubeIDE_1.13.1/STM32CubeIDE/plugins/com.st.stm32cube.ide.mcu.externaltools.gnu-tools-for-stm32.11.3.rel1.win32_1.1.0.202305231506/tools/bin/../lib/gcc/arm-none-eabi/11.3.1/../../../../arm-none-eabi/lib/thumb/v7-m/nofp\libc_nano.a(libc_a-reent.o)
 .ARM.attributes
                0x0000000000000692       0x2d C:/ST/STM32CubeIDE_1.13.1/STM32CubeIDE/plugins/com.st.stm32cube.ide.mcu.externaltools.gnu-tools-for-stm32.11.3.rel1.win32_1.1.0.202305231506/tools/bin/../lib/gcc/arm-none-eabi/11.3.1/../../../../arm-none-eabi/lib/thumb/v7-m/nofp\libc_nano.a(libc_a-impure.o)
 .ARM.attributes
                0x00000000000006bf       0x2d C:/ST/STM32CubeIDE_1.13.1/STM32CubeIDE/plugins/com.st.stm32cube.ide.mcu.externaltools.gnu-tools-for-stm32.11.3.rel1.win32_1.1.0.202305231506/tools/bin/../lib/gcc/arm-none-eabi/11.3.1/../../../../arm-none-eabi/lib/thumb/v7-m/nofp\libc_nano.a(libc_a-sbrkr.o)
 .ARM.attributes
                0x00000000000006ec       0x2d C:/ST/STM32CubeIDE_1.13.1/STM32CubeIDE/plugins/com.st.stm32cube.ide.mcu.externaltools.gnu-tools-for-stm32.11.3.rel1.win32_1.1.0.202305231506/tools/bin/../lib/gcc/arm-none-eabi/11.3.1/../../../../arm-none-eabi/lib/thumb/v7-m/nofp\libc_nano.a(libc_a-errno.o)
 .ARM.attributes
                0x0000000000000719       0x2d C:/ST/STM32CubeIDE_1.13.1/STM32CubeIDE/plugins/com.st.stm32cube.ide.mcu.externaltools.gnu-tools-for-stm32.11.3.rel1.win32_1.1.0.202305231506/tools/bin/../lib/gcc/arm-none-eabi/11.3.1/../../../../arm-none-eabi/lib/thumb/v7-m/nofp\libc_nano.a(libc_a-init.o)
 .ARM.attributes
                0x0000000000000746       0x2d C:/ST/STM32CubeIDE_1.13.1/STM32CubeIDE/plugins/com.st.stm32cube.ide.mcu.externaltools.gnu-tools-for-stm32.11.3.rel1.win32_1.1.0.202305231506/tools/bin/../lib/gcc/arm-none-eabi/11.3.1/../../../../arm-none-eabi/lib/thumb/v7-m/nofp\libc_nano.a(libc_a-lock.o)
 .ARM.attributes
                0x0000000000000773       0x1b C:/ST/STM32CubeIDE_1.13.1/STM32CubeIDE/plugins/com.st.stm32cube.ide.mcu.externaltools.gnu-tools-for-stm32.11.3.rel1.win32_1.1.0.202305231506/tools/bin/../lib/gcc/arm-none-eabi/11.3.1/../../../../arm-none-eabi/lib/thumb/v7-m/nofp\libc_nano.a(libc_a-strcmp.o)
 .ARM.attributes
                0x000000000000078e       0x2d C:/ST/STM32CubeIDE_1.13.1/STM32CubeIDE/plugins/com.st.stm32cube.ide.mcu.externaltools.gnu-tools-for-stm32.11.3.rel1.win32_1.1.0.202305231506/tools/bin/../lib/gcc/arm-none-eabi/11.3.1/../../../../arm-none-eabi/lib/thumb/v7-m/nofp\libc_nano.a(libc_a-memcpy-stub.o)
 .ARM.attributes
                0x00000000000007bb       0x17 C:/ST/STM32CubeIDE_1.13.1/STM32CubeIDE/plugins/com.st.stm32cube.ide.mcu.externaltools.gnu-tools-for-stm32.11.3.rel1.win32_1.1.0.202305231506/tools/bin/../lib/gcc/arm-none-eabi/11.3.1/../../../../arm-none-eabi/lib/thumb/v7-m/nofp\libc_nano.a(libc_a-strlen.o)
 .ARM.attributes
                0x00000000000007d2       0x2d C:/ST/STM32CubeIDE_1.13.1/STM32CubeIDE/plugins/com.st.stm32cube.ide.mcu.externaltools.gnu-tools-for-stm32.11.3.rel1.win32_1.1.0.202305231506/tools/bin/../lib/gcc/arm-none-eabi/11.3.1/../../../../arm-none-eabi/lib/thumb/v7-m/nofp\libc_nano.a(libc_a-freer.o)
 .ARM.attributes
                0x00000000000007ff       0x2d C:/ST/STM32CubeIDE_1.13.1/STM32CubeIDE/plugins/com.st.stm32cube.ide.mcu.externaltools.gnu-tools-for-stm32.11.3.rel1.win32_1.1.0.202305231506/tools/bin/../lib/gcc/arm-none-eabi/11.3.1/../../../../arm-none-eabi/lib/thumb/v7-m/nofp\libc_nano.a(libc_a-nano-svfprintf.o)
 .ARM.attributes
                0x000000000000082c       0x2d C:/ST/STM32CubeIDE_1.13.1/STM32CubeIDE/plugins/com.st.stm32cube.ide.mcu.externaltools.gnu-tools-for-stm32.11.3.rel1.win32_1.1.0.202305231506/tools/bin/../lib/gcc/arm-none-eabi/11.3.1/../../../../arm-none-eabi/lib/thumb/v7-m/nofp\libc_nano.a(libc_a-nano-vfprintf_i.o)
 .ARM.attributes
                0x0000000000000859       0x2d C:/ST/STM32CubeIDE_1.13.1/STM32CubeIDE/plugins/com.st.stm32cube.ide.mcu.externaltools.gnu-tools-for-stm32.11.3.rel1.win32_1.1.0.202305231506/tools/bin/../lib/gcc/arm-none-eabi/11.3.1/../../../../arm-none-eabi/lib/thumb/v7-m/nofp\libc_nano.a(libc_a-memmove.o)
 .ARM.attributes
                0x0000000000000886       0x2d C:/ST/STM32CubeIDE_1.13.1/STM32CubeIDE/plugins/com.st.stm32cube.ide.mcu.externaltools.gnu-tools-for-stm32.11.3.rel1.win32_1.1.0.202305231506/tools/bin/../lib/gcc/arm-none-eabi/11.3.1/../../../../arm-none-eabi/lib/thumb/v7-m/nofp\libc_nano.a(libc_a-memchr-stub.o)
 .ARM.attributes
                0x00000000000008b3       0x2d C:/ST/STM32CubeIDE_1.13.1/STM32CubeIDE/plugins/com.st.stm32cube.ide.mcu.externaltools.gnu-tools-for-stm32.11.3.rel1.win32_1.1.0.202305231506/tools/bin/../lib/gcc/arm-none-eabi/11.3.1/../../../../arm-none-eabi/lib/thumb/v7-m/nofp\libc_nano.a(libc_a-reallocr.o)
 .ARM.attributes
                0x00000000000008e0       0x2d C:/ST/STM32CubeIDE_1.13.1/STM32CubeIDE/plugins/com.st.stm32cube.ide.mcu.externaltools.gnu-tools-for-stm32.11.3.rel1.win32_1.1.0.202305231506/tools/bin/../lib/gcc/arm-none-eabi/11.3.1/../../../../arm-none-eabi/lib/thumb/v7-m/nofp\libc_nano.a(libc_a-msizer.o)
 .ARM.attributes
                0x000000000000090d       0x1d C:/ST/STM32CubeIDE_1.13.1/STM32CubeIDE/plugins/com.st.stm32cube.ide.mcu.externaltools.gnu-tools-for-stm32.11.3.rel1.win32_1.1.0.202305231506/tools/bin/../lib/gcc/arm-none-eabi/11.3.1/thumb/v7-m/nofp\libgcc.a(_arm_muldf3.o)
 .ARM.attributes
                0x000000000000092a       0x1d C:/ST/STM32CubeIDE_1.13.1/STM32CubeIDE/plugins/com.st.stm32cube.ide.mcu.externaltools.gnu-tools-for-stm32.11.3.rel1.win32_1.1.0.202305231506/tools/bin/../lib/gcc/arm-none-eabi/11.3.1/thumb/v7-m/nofp\libgcc.a(_arm_addsubdf3.o)
 .ARM.attributes
                0x0000000000000947       0x1d C:/ST/STM32CubeIDE_1.13.1/STM32CubeIDE/plugins/com.st.stm32cube.ide.mcu.externaltools.gnu-tools-for-stm32.11.3.rel1.win32_1.1.0.202305231506/tools/bin/../lib/gcc/arm-none-eabi/11.3.1/thumb/v7-m/nofp\libgcc.a(_arm_fixunsdfsi.o)
 .ARM.attributes
                0x0000000000000964       0x1d C:/ST/STM32CubeIDE_1.13.1/STM32CubeIDE/plugins/com.st.stm32cube.ide.mcu.externaltools.gnu-tools-for-stm32.11.3.rel1.win32_1.1.0.202305231506/tools/bin/../lib/gcc/arm-none-eabi/11.3.1/thumb/v7-m/nofp\libgcc.a(_aeabi_uldivmod.o)
 .ARM.attributes
                0x0000000000000981       0x2d C:/ST/STM32CubeIDE_1.13.1/STM32CubeIDE/plugins/com.st.stm32cube.ide.mcu.externaltools.gnu-tools-for-stm32.11.3.rel1.win32_1.1.0.202305231506/tools/bin/../lib/gcc/arm-none-eabi/11.3.1/thumb/v7-m/nofp\libgcc.a(_udivmoddi4.o)
 .ARM.attributes
                0x00000000000009ae       0x1d C:/ST/STM32CubeIDE_1.13.1/STM32CubeIDE/plugins/com.st.stm32cube.ide.mcu.externaltools.gnu-tools-for-stm32.11.3.rel1.win32_1.1.0.202305231506/tools/bin/../lib/gcc/arm-none-eabi/11.3.1/thumb/v7-m/nofp\libgcc.a(_dvmd_tls.o)
 .ARM.attributes
                0x00000000000009cb       0x1d C:/ST/STM32CubeIDE_1.13.1/STM32CubeIDE/plugins/com.st.stm32cube.ide.mcu.externaltools.gnu-tools-for-stm32.11.3.rel1.win32_1.1.0.202305231506/tools/bin/../lib/gcc/arm-none-eabi/11.3.1/thumb/v7-m/nofp/crtn.o
OUTPUT(usb_host_msc.elf elf32-littlearm)
LOAD linker stubs
LOAD C:/ST/STM32CubeIDE_1.13.1/STM32CubeIDE/plugins/com.st.stm32cube.ide.mcu.externaltools.gnu-tools-for-stm32.11.3.rel1.win32_1.1.0.202305231506/tools/bin/../lib/gcc/arm-none-eabi/11.3.1/../../../../arm-none-eabi/lib/thumb/v7-m/nofp\libc.a
LOAD C:/ST/STM32CubeIDE_1.13.1/STM32CubeIDE/plugins/com.st.stm32cube.ide.mcu.externaltools.gnu-tools-for-stm32.11.3.rel1.win32_1.1.0.202305231506/tools/bin/../lib/gcc/arm-none-eabi/11.3.1/../../../../arm-none-eabi/lib/thumb/v7-m/nofp\libm.a
LOAD C:/ST/STM32CubeIDE_1.13.1/STM32CubeIDE/plugins/com.st.stm32cube.ide.mcu.externaltools.gnu-tools-for-stm32.11.3.rel1.win32_1.1.0.202305231506/tools/bin/../lib/gcc/arm-none-eabi/11.3.1/thumb/v7-m/nofp\libgcc.a
