../Core/Src/File_Handling.c:36:6:Mount_USB	8	static
../Core/Src/File_Handling.c:43:6:Unmount_USB	8	static
../Core/Src/File_Handling.c:51:9:Scan_USB	4168	static
../Core/Src/File_Handling.c:94:9:Format_USB	4152	static
../Core/Src/File_Handling.c:128:9:Write_File	40	static
../Core/Src/File_Handling.c:192:9:Read_File	48	static
../Core/Src/File_Handling.c:264:9:Create_File	40	static
../Core/Src/File_Handling.c:313:9:Update_File	48	static
../Core/Src/File_Handling.c:382:9:Remove_File	32	static
../Core/Src/File_Handling.c:417:9:Create_Dir	24	static
../Core/Src/File_Handling.c:437:6:Check_USB_Details	16	static
