../Drivers/STM32F2xx_HAL_Driver/Src/stm32f2xx_hal_pcd.c:123:19:HAL_PCD_Init	32	static
../Drivers/STM32F2xx_HAL_Driver/Src/stm32f2xx_hal_pcd.c:245:19:HAL_PCD_DeInit	16	static
../Drivers/STM32F2xx_HAL_Driver/Src/stm32f2xx_hal_pcd.c:284:13:HAL_PCD_MspInit	16	static
../Drivers/STM32F2xx_HAL_Driver/Src/stm32f2xx_hal_pcd.c:299:13:HAL_PCD_MspDeInit	16	static
../Drivers/STM32F2xx_HAL_Driver/Src/stm32f2xx_hal_pcd.c:857:19:HAL_PCD_Start	16	static
../Drivers/STM32F2xx_HAL_Driver/Src/stm32f2xx_hal_pcd.c:872:19:HAL_PCD_Stop	16	static
../Drivers/STM32F2xx_HAL_Driver/Src/stm32f2xx_hal_pcd.c:891:6:HAL_PCD_IRQHandler	64	static
../Drivers/STM32F2xx_HAL_Driver/Src/stm32f2xx_hal_pcd.c:1311:6:HAL_PCD_WKUP_IRQHandler	24	static
../Drivers/STM32F2xx_HAL_Driver/Src/stm32f2xx_hal_pcd.c:1338:13:HAL_PCD_DataOutStageCallback	16	static
../Drivers/STM32F2xx_HAL_Driver/Src/stm32f2xx_hal_pcd.c:1355:13:HAL_PCD_DataInStageCallback	16	static
../Drivers/STM32F2xx_HAL_Driver/Src/stm32f2xx_hal_pcd.c:1370:13:HAL_PCD_SetupStageCallback	16	static
../Drivers/STM32F2xx_HAL_Driver/Src/stm32f2xx_hal_pcd.c:1385:13:HAL_PCD_SOFCallback	16	static
../Drivers/STM32F2xx_HAL_Driver/Src/stm32f2xx_hal_pcd.c:1400:13:HAL_PCD_ResetCallback	16	static
../Drivers/STM32F2xx_HAL_Driver/Src/stm32f2xx_hal_pcd.c:1415:13:HAL_PCD_SuspendCallback	16	static
../Drivers/STM32F2xx_HAL_Driver/Src/stm32f2xx_hal_pcd.c:1430:13:HAL_PCD_ResumeCallback	16	static
../Drivers/STM32F2xx_HAL_Driver/Src/stm32f2xx_hal_pcd.c:1446:13:HAL_PCD_ISOOUTIncompleteCallback	16	static
../Drivers/STM32F2xx_HAL_Driver/Src/stm32f2xx_hal_pcd.c:1463:13:HAL_PCD_ISOINIncompleteCallback	16	static
../Drivers/STM32F2xx_HAL_Driver/Src/stm32f2xx_hal_pcd.c:1479:13:HAL_PCD_ConnectCallback	16	static
../Drivers/STM32F2xx_HAL_Driver/Src/stm32f2xx_hal_pcd.c:1494:13:HAL_PCD_DisconnectCallback	16	static
../Drivers/STM32F2xx_HAL_Driver/Src/stm32f2xx_hal_pcd.c:1528:19:HAL_PCD_DevConnect	16	static
../Drivers/STM32F2xx_HAL_Driver/Src/stm32f2xx_hal_pcd.c:1542:19:HAL_PCD_DevDisconnect	16	static
../Drivers/STM32F2xx_HAL_Driver/Src/stm32f2xx_hal_pcd.c:1557:19:HAL_PCD_SetAddress	16	static
../Drivers/STM32F2xx_HAL_Driver/Src/stm32f2xx_hal_pcd.c:1574:19:HAL_PCD_EP_Open	24	static
../Drivers/STM32F2xx_HAL_Driver/Src/stm32f2xx_hal_pcd.c:1620:19:HAL_PCD_EP_Close	24	static
../Drivers/STM32F2xx_HAL_Driver/Src/stm32f2xx_hal_pcd.c:1651:19:HAL_PCD_EP_Receive	32	static
../Drivers/STM32F2xx_HAL_Driver/Src/stm32f2xx_hal_pcd.c:1680:10:HAL_PCD_EP_GetRxCount	16	static
../Drivers/STM32F2xx_HAL_Driver/Src/stm32f2xx_hal_pcd.c:1692:19:HAL_PCD_EP_Transmit	32	static
../Drivers/STM32F2xx_HAL_Driver/Src/stm32f2xx_hal_pcd.c:1721:19:HAL_PCD_EP_SetStall	24	static
../Drivers/STM32F2xx_HAL_Driver/Src/stm32f2xx_hal_pcd.c:1764:19:HAL_PCD_EP_ClrStall	24	static
../Drivers/STM32F2xx_HAL_Driver/Src/stm32f2xx_hal_pcd.c:1800:19:HAL_PCD_EP_Abort	24	static
../Drivers/STM32F2xx_HAL_Driver/Src/stm32f2xx_hal_pcd.c:1826:19:HAL_PCD_EP_Flush	16	static
../Drivers/STM32F2xx_HAL_Driver/Src/stm32f2xx_hal_pcd.c:1849:19:HAL_PCD_ActivateRemoteWakeup	16	static
../Drivers/STM32F2xx_HAL_Driver/Src/stm32f2xx_hal_pcd.c:1859:19:HAL_PCD_DeActivateRemoteWakeup	16	static
../Drivers/STM32F2xx_HAL_Driver/Src/stm32f2xx_hal_pcd.c:1888:18:HAL_PCD_GetState	16	static
../Drivers/STM32F2xx_HAL_Driver/Src/stm32f2xx_hal_pcd.c:1900:19:HAL_PCD_SetTestMode	24	static
../Drivers/STM32F2xx_HAL_Driver/Src/stm32f2xx_hal_pcd.c:1941:26:PCD_WriteEmptyTxFifo	48	static
../Drivers/STM32F2xx_HAL_Driver/Src/stm32f2xx_hal_pcd.c:2001:26:PCD_EP_OutXfrComplete_int	40	static
../Drivers/STM32F2xx_HAL_Driver/Src/stm32f2xx_hal_pcd.c:2113:26:PCD_EP_OutSetupPacket_int	32	static
